NQ 02:00 n= 4546 conf 98.5 DRtrue 64.4 (first30 59.6, share 74%) agree 64.5 DRwidth/post-range 0.39
NQ 02:30 n= 4609 conf 96.0 DRtrue 76.3 (first30 70.4, share 56%) agree 66.8 DRwidth/post-range 0.54
NQ 02:45 n= 4667 conf 94.7 DRtrue 79.3 (first30 73.8, share 54%) agree 68.2 DRwidth/post-range 0.60
NQ 03:00 n= 4724 conf 93.4 DRtrue 80.8 (first30 75.0, share 52%) agree 67.2 DRwidth/post-range 0.62
NQ 03:15 n= 4724 conf 94.3 DRtrue 79.2 (first30 74.3, share 50%) agree 68.4 DRwidth/post-range 0.61
NQ 03:30 n= 4732 conf 94.7 DRtrue 77.6 (first30 72.9, share 47%) agree 68.0 DRwidth/post-range 0.57
NQ 04:00 n= 4755 conf 96.3 DRtrue 71.2 (first30 64.5, share 47%) agree 67.1 DRwidth/post-range 0.48
NQ 08:30 n= 4926 conf 99.0 DRtrue 57.5 (first30 55.2, share 89%) agree 59.3 DRwidth/post-range 0.28
NQ 09:00 n= 4932 conf 94.7 DRtrue 81.2 (first30 78.0, share 66%) agree 70.6 DRwidth/post-range 0.63
NQ 09:15 n= 4932 conf 90.6 DRtrue 86.5 (first30 82.5, share 55%) agree 71.5 DRwidth/post-range 0.76
NQ 09:20 n= 4931 conf 89.3 DRtrue 87.8 (first30 84.4, share 53%) agree 72.0 DRwidth/post-range 0.79
NQ 09:25 n= 4932 conf 88.6 DRtrue 88.6 (first30 85.1, share 52%) agree 72.5 DRwidth/post-range 0.82
NQ 09:30 n= 4934 conf 88.0 DRtrue 89.1 (first30 85.9, share 51%) agree 72.3 DRwidth/post-range 0.84
NQ 09:35 n= 4934 conf 89.2 DRtrue 88.8 (first30 85.4, share 51%) agree 71.2 DRwidth/post-range 0.81
NQ 09:40 n= 4936 conf 89.9 DRtrue 88.1 (first30 84.3, share 51%) agree 70.9 DRwidth/post-range 0.79
NQ 09:45 n= 4939 conf 90.2 DRtrue 87.2 (first30 83.8, share 52%) agree 70.5 DRwidth/post-range 0.77
NQ 10:00 n= 4940 conf 90.8 DRtrue 85.9 (first30 82.1, share 51%) agree 71.5 DRwidth/post-range 0.74
NQ 10:30 n= 4923 conf 93.4 DRtrue 82.4 (first30 76.6, share 50%) agree 70.9 DRwidth/post-range 0.66
NQ 11:00 n= 4921 conf 95.6 DRtrue 77.3 (first30 72.7, share 49%) agree 70.1 DRwidth/post-range 0.57
NQ 12:00 n= 1115 conf 96.9 DRtrue 74.4 (first30 68.4, share 57%) agree 69.8 DRwidth/post-range 0.55
NQ 13:00 no data
NQ 19:00 n= 3623 conf 96.7 DRtrue 70.6 (first30 66.3, share 66%) agree 65.0 DRwidth/post-range 0.45
NQ 19:15 n= 3631 conf 95.1 DRtrue 76.9 (first30 72.7, share 57%) agree 66.0 DRwidth/post-range 0.53
NQ 19:30 n= 3635 conf 94.0 DRtrue 79.6 (first30 75.0, share 54%) agree 67.0 DRwidth/post-range 0.58
NQ 19:45 n= 3657 conf 92.1 DRtrue 81.6 (first30 76.3, share 52%) agree 69.6 DRwidth/post-range 0.62
NQ 20:00 n= 3647 conf 90.8 DRtrue 82.7 (first30 77.4, share 53%) agree 69.4 DRwidth/post-range 0.66
NQ 21:00 n= 3596 conf 90.9 DRtrue 82.7 (first30 77.1, share 50%) agree 68.5 DRwidth/post-range 0.64
NQ 21s
ES 02:00 n= 5028 conf 98.6 DRtrue 65.5 (first30 60.8, share 72%) agree 65.1 DRwidth/post-range 0.40
ES 02:30 n= 5044 conf 95.4 DRtrue 77.8 (first30 71.2, share 53%) agree 66.9 DRwidth/post-range 0.55
ES 02:45 n= 5051 conf 93.9 DRtrue 80.6 (first30 74.8, share 51%) agree 67.4 DRwidth/post-range 0.60
ES 03:00 n= 5062 conf 92.9 DRtrue 82.6 (first30 77.1, share 48%) agree 67.0 DRwidth/post-range 0.63
ES 03:15 n= 5064 conf 94.0 DRtrue 81.3 (first30 75.8, share 46%) agree 68.8 DRwidth/post-range 0.61
ES 03:30 n= 5064 conf 94.7 DRtrue 79.3 (first30 74.6, share 46%) agree 68.2 DRwidth/post-range 0.57
ES 04:00 n= 5065 conf 95.7 DRtrue 73.3 (first30 67.8, share 45%) agree 66.7 DRwidth/post-range 0.49
ES 08:30 n= 4936 conf 98.8 DRtrue 61.2 (first30 57.9, share 83%) agree 61.4 DRwidth/post-range 0.33
ES 09:00 n= 4941 conf 96.0 DRtrue 79.1 (first30 74.5, share 66%) agree 70.0 DRwidth/post-range 0.59
ES 09:15 n= 4941 conf 92.8 DRtrue 84.4 (first30 78.8, share 55%) agree 70.7 DRwidth/post-range 0.70
ES 09:20 n= 4940 conf 91.8 DRtrue 85.2 (first30 80.2, share 54%) agree 71.5 DRwidth/post-range 0.72
ES 09:25 n= 4941 conf 91.4 DRtrue 86.3 (first30 81.2, share 53%) agree 71.4 DRwidth/post-range 0.74
ES 09:30 n= 4944 conf 90.7 DRtrue 86.9 (first30 81.7, share 51%) agree 71.6 DRwidth/post-range 0.76
ES 09:35 n= 4944 conf 91.1 DRtrue 86.3 (first30 81.5, share 51%) agree 70.4 DRwidth/post-range 0.74
ES 09:40 n= 4946 conf 91.1 DRtrue 86.0 (first30 81.2, share 50%) agree 70.7 DRwidth/post-range 0.73
ES 09:45 n= 4949 conf 91.4 DRtrue 86.1 (first30 81.7, share 50%) agree 69.7 DRwidth/post-range 0.73
ES 10:00 n= 4950 conf 92.2 DRtrue 85.1 (first30 80.9, share 48%) agree 69.6 DRwidth/post-range 0.70
ES 10:30 n= 4933 conf 94.1 DRtrue 81.4 (first30 76.3, share 48%) agree 70.8 DRwidth/post-range 0.61
ES 11:00 n= 4932 conf 96.2 DRtrue 76.4 (first30 71.4, share 47%) agree 70.1 DRwidth/post-range 0.54
ES 12:00 n= 1126 conf 98.1 DRtrue 71.9 (first30 68.7, share 59%) agree 69.3 DRwidth/post-range 0.51
ES 13:00 no data
ES 19:00 n= 4687 conf 95.5 DRtrue 73.6 (first30 68.1, share 61%) agree 64.1 DRwidth/post-range 0.47
ES 19:15 n= 4655 conf 93.9 DRtrue 78.7 (first30 73.2, share 52%) agree 66.2 DRwidth/post-range 0.55
ES 19:30 n= 4651 conf 92.7 DRtrue 81.2 (first30 75.4, share 48%) agree 67.1 DRwidth/post-range 0.59
ES 19:45 n= 4652 conf 91.0 DRtrue 83.1 (first30 77.5, share 47%) agree 69.1 DRwidth/post-range 0.62
ES 20:00 n= 4652 conf 89.8 DRtrue 83.6 (first30 77.9, share 48%) agree 68.7 DRwidth/post-range 0.64
ES 21:00 n= 4646 conf 90.4 DRtrue 82.3 (first30 75.7, share 44%) agree 67.8 DRwidth/post-range 0.63
ES 21s
YM 02:00 n= 4641 conf 98.7 DRtrue 63.6 (first30 59.4, share 75%) agree 64.6 DRwidth/post-range 0.39
YM 02:30 n= 4671 conf 96.1 DRtrue 76.2 (first30 70.1, share 56%) agree 66.9 DRwidth/post-range 0.55
YM 02:45 n= 4692 conf 94.8 DRtrue 79.3 (first30 74.0, share 53%) agree 67.9 DRwidth/post-range 0.60
YM 03:00 n= 4716 conf 93.5 DRtrue 80.7 (first30 75.3, share 51%) agree 67.7 DRwidth/post-range 0.63
YM 03:15 n= 4716 conf 94.4 DRtrue 79.5 (first30 75.1, share 48%) agree 67.3 DRwidth/post-range 0.61
YM 03:30 n= 4721 conf 94.7 DRtrue 77.3 (first30 73.0, share 48%) agree 68.6 DRwidth/post-range 0.57
YM 04:00 n= 4727 conf 96.1 DRtrue 71.7 (first30 65.5, share 48%) agree 66.2 DRwidth/post-range 0.49
YM 08:30 n= 4918 conf 99.0 DRtrue 60.5 (first30 57.7, share 87%) agree 61.5 DRwidth/post-range 0.31
YM 09:00 n= 4924 conf 94.4 DRtrue 80.5 (first30 75.6, share 63%) agree 69.0 DRwidth/post-range 0.62
YM 09:15 n= 4923 conf 90.3 DRtrue 85.7 (first30 80.3, share 53%) agree 70.7 DRwidth/post-range 0.74
YM 09:20 n= 4921 conf 89.3 DRtrue 86.5 (first30 81.1, share 52%) agree 71.3 DRwidth/post-range 0.77
YM 09:25 n= 4922 conf 88.9 DRtrue 87.3 (first30 82.4, share 50%) agree 71.3 DRwidth/post-range 0.79
YM 09:30 n= 4923 conf 88.4 DRtrue 87.6 (first30 82.6, share 50%) agree 71.3 DRwidth/post-range 0.81
YM 09:35 n= 4923 conf 89.7 DRtrue 86.9 (first30 82.1, share 50%) agree 70.4 DRwidth/post-range 0.77
YM 09:40 n= 4925 conf 90.1 DRtrue 86.3 (first30 81.4, share 51%) agree 70.3 DRwidth/post-range 0.75
YM 09:45 n= 4928 conf 90.7 DRtrue 85.9 (first30 81.4, share 50%) agree 69.5 DRwidth/post-range 0.74
YM 10:00 n= 4929 conf 91.6 DRtrue 84.9 (first30 80.0, share 50%) agree 70.0 DRwidth/post-range 0.71
YM 10:30 n= 4929 conf 94.0 DRtrue 81.0 (first30 76.2, share 49%) agree 69.4 DRwidth/post-range 0.62
YM 11:00 n= 4928 conf 95.7 DRtrue 75.5 (first30 69.7, share 48%) agree 68.7 DRwidth/post-range 0.54
YM 12:00 n= 1578 conf 97.4 DRtrue 73.1 (first30 67.2, share 57%) agree 67.2 DRwidth/post-range 0.50
YM 13:00 no data
YM 19:00 n= 3730 conf 96.5 DRtrue 71.6 (first30 66.5, share 65%) agree 64.7 DRwidth/post-range 0.47
YM 19:15 n= 3773 conf 95.3 DRtrue 76.8 (first30 71.2, share 56%) agree 65.9 DRwidth/post-range 0.55
YM 19:30 n= 3798 conf 93.9 DRtrue 78.8 (first30 73.4, share 53%) agree 67.8 DRwidth/post-range 0.59
YM 19:45 n= 3819 conf 92.5 DRtrue 80.9 (first30 75.8, share 51%) agree 69.2 DRwidth/post-range 0.62
YM 20:00 n= 3793 conf 90.7 DRtrue 81.8 (first30 76.7, share 52%) agree 69.3 DRwidth/post-range 0.65
YM 21:00 n= 3755 conf 90.8 DRtrue 80.9 (first30 75.5, share 49%) agree 68.4 DRwidth/post-range 0.63
YM 21s
