NQ RDR 203271 38s
NQ ODR 167234 67s
ES RDR 203019 102s
ES ODR 167784 128s
YM RDR 202952 160s
YM ODR 167080 186s
NQ-RDR conf p25  states 110438  BSS  21.5% [20.7; 22.3]  forecast->real 0-20%:10->9 20-40%:30->26 40-60%:49->46 60-80%:69->66 80-100%:85->87
          order: continuation place before a wick beyond DR  BSS  17.7% [16.4; 18.8]  mean forecast 35% real 33%
NQ-RDR conf p50  states  18928  BSS  23.0% [20.5; 24.9]  forecast->real 0-20%:9->7 20-40%:29->22 40-60%:49->45 60-80%:68->66 80-100%:87->71
          order: continuation place before a wick beyond DR  BSS  13.3% [10.0; 16.0]  mean forecast 36% real 29%
NQ-RDR conf none states  15922  BSS -38.2% [-43.6; -33.0]  forecast->real 0-20%:9->32 20-40%:29->18 40-60%:49->16 60-80%:67->25 80-100%:92->40
          order: continuation place before a wick beyond DR  BSS -61.6% [-68.5; -54.0]  mean forecast 30% real 32%
NQ-RDR wait p25  states  40519  BSS  26.1% [24.2; 27.6]  forecast->real 0-20%:9->9 20-40%:29->27 40-60%:49->49 60-80%:69->70 80-100%:85->89
NQ-RDR wait p50  states   4981  BSS  26.7% [24.5; 29.5]  forecast->real 0-20%:8->8 20-40%:29->30 40-60%:49->57 60-80%:67->75
NQ-RDR wait none states   1950  BSS   6.8% [1.7; 11.2]  forecast->real 0-20%:8->15 20-40%:28->34 40-60%:50->45 60-80%:65->44
NQ-RDR brk  p25  states    257  BSS  21.7% [12.9; 29.1]  forecast->real 0-20%:10->12 20-40%:29->28
NQ-RDR brk  p50  states   2396  BSS  18.4% [14.7; 21.9]  forecast->real 0-20%:12->10 20-40%:29->22 40-60%:49->43 60-80%:67->65
NQ-RDR brk  none states   7880  BSS -16.4% [-23.5; -10.3]  forecast->real 0-20%:10->41 20-40%:30->28 40-60%:50->36 60-80%:67->47 80-100%:91->48
NQ-ODR conf p25  states  84168  BSS  19.9% [19.1; 20.7]  forecast->real 0-20%:11->10 20-40%:31->29 40-60%:49->48 60-80%:69->68 80-100%:86->87
          order: continuation place before a wick beyond DR  BSS  13.4% [12.3; 14.4]  mean forecast 43% real 42%
NQ-ODR conf p50  states  15778  BSS  22.4% [20.6; 24.5]  forecast->real 0-20%:9->8 20-40%:30->28 40-60%:49->48 60-80%:68->66 80-100%:86->78
          order: continuation place before a wick beyond DR  BSS  12.7% [10.4; 14.6]  mean forecast 42% real 40%
NQ-ODR conf none states  15814  BSS -41.9% [-46.5; -37.4]  forecast->real 0-20%:10->43 20-40%:30->20 40-60%:48->16 60-80%:68->23 80-100%:92->43
          order: continuation place before a wick beyond DR  BSS -66.2% [-72.8; -59.5]  mean forecast 27% real 44%
NQ-ODR wait p25  states  27465  BSS  19.8% [18.1; 21.2]  forecast->real 0-20%:12->13 20-40%:29->29 40-60%:49->49 60-80%:69->69 80-100%:85->87
NQ-ODR wait p50  states   8241  BSS  24.7% [22.5; 26.9]  forecast->real 0-20%:9->10 20-40%:29->31 40-60%:49->53 60-80%:68->78 80-100%:83->96
NQ-ODR wait none states   3705  BSS  11.0% [7.0; 15.2]  forecast->real 0-20%:9->14 20-40%:29->38 40-60%:49->47 60-80%:67->64
NQ-ODR brk  p25  states   1435  BSS  22.9% [19.1; 26.4]  forecast->real 0-20%:11->9 20-40%:28->25 40-60%:49->51 60-80%:69->74
NQ-ODR brk  p50  states   3813  BSS  17.3% [14.5; 19.9]  forecast->real 0-20%:12->11 20-40%:30->28 40-60%:49->48 60-80%:69->66 80-100%:84->76
NQ-ODR brk  none states   6815  BSS -23.0% [-31.5; -14.8]  forecast->real 0-20%:10->46 20-40%:31->34 40-60%:49->33 60-80%:68->42 80-100%:91->55
ES-RDR conf p25  states 110355  BSS  20.8% [20.0; 21.6]  forecast->real 0-20%:11->10 20-40%:30->27 40-60%:49->46 60-80%:69->67 80-100%:86->87
          order: continuation place before a wick beyond DR  BSS  15.5% [14.5; 16.5]  mean forecast 42% real 39%
ES-RDR conf p50  states  18831  BSS  23.7% [21.6; 26.1]  forecast->real 0-20%:9->8 20-40%:29->26 40-60%:49->48 60-80%:68->68 80-100%:87->72
          order: continuation place before a wick beyond DR  BSS  12.2% [9.4; 15.0]  mean forecast 40% real 35%
ES-RDR conf none states  17776  BSS -40.9% [-45.8; -36.4]  forecast->real 0-20%:9->41 20-40%:30->22 40-60%:49->19 60-80%:67->27 80-100%:93->43
          order: continuation place before a wick beyond DR  BSS -74.1% [-82.0; -67.2]  mean forecast 30% real 41%
ES-RDR wait p25  states  33644  BSS  23.1% [21.2; 25.0]  forecast->real 0-20%:11->12 20-40%:29->29 40-60%:49->50 60-80%:69->71 80-100%:85->86
ES-RDR wait p50  states   5083  BSS  25.8% [23.3; 28.4]  forecast->real 0-20%:8->9 20-40%:29->31 40-60%:50->52 60-80%:68->76 80-100%:83->96
ES-RDR wait none states   2155  BSS   3.2% [-1.9; 7.8]  forecast->real 0-20%:10->20 20-40%:29->34 40-60%:49->46 60-80%:67->52
ES-RDR brk  p25  states   1059  BSS   8.2% [3.5; 12.8]  forecast->real 0-20%:11->19 20-40%:29->30 40-60%:49->45 60-80%:68->57
ES-RDR brk  p50  states   4180  BSS  19.2% [16.0; 22.9]  forecast->real 0-20%:11->10 20-40%:30->29 40-60%:50->48 60-80%:69->69 80-100%:85->79
ES-RDR brk  none states   9936  BSS -16.3% [-23.0; -11.4]  forecast->real 0-20%:10->40 20-40%:31->34 40-60%:49->40 60-80%:68->48 80-100%:92->56
ES-ODR conf p25  states  87374  BSS  19.3% [18.4; 20.0]  forecast->real 0-20%:11->11 20-40%:31->28 40-60%:49->46 60-80%:69->67 80-100%:86->85
          order: continuation place before a wick beyond DR  BSS  14.7% [13.8; 15.5]  mean forecast 44% real 42%
ES-ODR conf p50  states  15786  BSS  23.3% [21.4; 25.4]  forecast->real 0-20%:9->7 20-40%:30->26 40-60%:49->47 60-80%:68->68 80-100%:87->71
          order: continuation place before a wick beyond DR  BSS  12.7% [10.3; 14.8]  mean forecast 43% real 39%
ES-ODR conf none states  13820  BSS -44.4% [-49.1; -39.7]  forecast->real 0-20%:10->44 20-40%:30->17 40-60%:48->17 60-80%:67->20 80-100%:93->46
          order: continuation place before a wick beyond DR  BSS -73.1% [-81.5; -65.3]  mean forecast 29% real 45%
ES-ODR wait p25  states  29978  BSS  22.1% [20.4; 23.7]  forecast->real 0-20%:12->11 20-40%:29->27 40-60%:49->49 60-80%:69->67 80-100%:85->88
ES-ODR wait p50  states   6610  BSS  25.0% [22.6; 27.8]  forecast->real 0-20%:10->10 20-40%:30->30 40-60%:49->49 60-80%:68->78 80-100%:83->90
ES-ODR wait none states   3324  BSS   7.5% [3.8; 11.4]  forecast->real 0-20%:11->16 20-40%:30->35 40-60%:49->46 60-80%:66->53
ES-ODR brk  p25  states    809  BSS  22.0% [15.6; 26.5]  forecast->real 0-20%:12->9 20-40%:30->18 40-60%:50->51 60-80%:68->65
ES-ODR brk  p50  states   2965  BSS  17.7% [14.2; 20.4]  forecast->real 0-20%:12->9 20-40%:30->25 40-60%:49->43 60-80%:69->65 80-100%:85->80
ES-ODR brk  none states   7118  BSS -22.1% [-29.4; -14.4]  forecast->real 0-20%:10->45 20-40%:30->31 40-60%:49->38 60-80%:69->43 80-100%:92->52
YM-RDR conf p25  states 104194  BSS  19.6% [18.8; 20.4]  forecast->real 0-20%:11->10 20-40%:30->26 40-60%:49->45 60-80%:69->66 80-100%:85->85
          order: continuation place before a wick beyond DR  BSS  14.6% [13.5; 15.8]  mean forecast 39% real 36%
YM-RDR conf p50  states  19125  BSS  21.7% [19.4; 23.7]  forecast->real 0-20%:9->7 20-40%:30->26 40-60%:49->46 60-80%:68->67 80-100%:87->70
          order: continuation place before a wick beyond DR  BSS  12.9% [9.9; 15.6]  mean forecast 40% real 35%
YM-RDR conf none states  17982  BSS -30.7% [-35.5; -25.6]  forecast->real 0-20%:9->34 20-40%:30->21 40-60%:49->21 60-80%:66->31 80-100%:93->46
          order: continuation place before a wick beyond DR  BSS -57.8% [-65.4; -50.9]  mean forecast 31% real 36%
YM-RDR wait p25  states  40600  BSS  22.9% [21.3; 24.6]  forecast->real 0-20%:10->10 20-40%:29->27 40-60%:49->46 60-80%:69->68 80-100%:85->87
YM-RDR wait p50  states   5659  BSS  29.6% [26.9; 32.3]  forecast->real 0-20%:8->7 20-40%:29->29 40-60%:49->54 60-80%:68->81
YM-RDR wait none states   2232  BSS   5.9% [0.1; 12.1]  forecast->real 0-20%:9->17 20-40%:29->36 40-60%:50->47 60-80%:64->49
YM-RDR brk  p25  states    707  BSS  12.6% [0.1; 21.3]  forecast->real 0-20%:10->7 20-40%:29->21 40-60%:49->30 60-80%:69->60
YM-RDR brk  p50  states   3487  BSS  17.0% [13.4; 20.1]  forecast->real 0-20%:12->8 20-40%:30->23 40-60%:49->44 60-80%:69->62 80-100%:83->82
YM-RDR brk  none states   8966  BSS -18.9% [-25.4; -13.4]  forecast->real 0-20%:10->41 20-40%:31->35 40-60%:49->34 60-80%:68->48 80-100%:91->52
YM-ODR conf p25  states  82829  BSS  18.9% [18.1; 19.6]  forecast->real 0-20%:11->11 20-40%:31->30 40-60%:49->48 60-80%:69->68 80-100%:86->85
          order: continuation place before a wick beyond DR  BSS  13.7% [12.7; 14.6]  mean forecast 42% real 42%
YM-ODR conf p50  states  16582  BSS  24.1% [22.1; 26.0]  forecast->real 0-20%:9->7 20-40%:29->26 40-60%:49->50 60-80%:68->70 80-100%:87->74
          order: continuation place before a wick beyond DR  BSS  13.5% [11.3; 15.3]  mean forecast 41% real 39%
YM-ODR conf none states  15073  BSS -41.3% [-45.2; -37.3]  forecast->real 0-20%:10->42 20-40%:30->19 40-60%:49->17 60-80%:67->23 80-100%:92->42
          order: continuation place before a wick beyond DR  BSS -66.2% [-74.0; -59.7]  mean forecast 26% real 43%
YM-ODR wait p25  states  28564  BSS  19.3% [17.5; 20.9]  forecast->real 0-20%:12->13 20-40%:29->30 40-60%:49->48 60-80%:69->67 80-100%:84->87
YM-ODR wait p50  states   7542  BSS  24.7% [22.8; 26.6]  forecast->real 0-20%:10->9 20-40%:30->30 40-60%:49->47 60-80%:68->79
YM-ODR wait none states   3688  BSS   7.7% [3.9; 11.5]  forecast->real 0-20%:9->16 20-40%:29->36 40-60%:50->48 60-80%:66->50
YM-ODR brk  p25  states   1214  BSS  14.5% [9.0; 19.0]  forecast->real 0-20%:11->15 20-40%:30->27 40-60%:49->47 60-80%:68->60
YM-ODR brk  p50  states   3652  BSS  17.8% [14.3; 20.6]  forecast->real 0-20%:12->9 20-40%:30->24 40-60%:49->44 60-80%:68->63 80-100%:85->80
YM-ODR brk  none states   7936  BSS -16.6% [-24.2; -10.6]  forecast->real 0-20%:10->47 20-40%:30->32 40-60%:49->38 60-80%:67->47 80-100%:92->59
