{
 "session": "RDR",
 "days_all_three": 4385,
 "same_direction_all_three_pct": 78.5,
 "same_direction_if_days_unrelated_pct": 25.4,
 "confirmation_spread_min_median": 25.0,
 "same_confirmation_minute_all_three_pct": 17.3,
 "extension_corr_same_day_agreeing": {
  "NQ-ES": 0.756,
  "NQ-YM": 0.609,
  "ES-YM": 0.802
 },
 "first_to_confirm_share": {
  "NQ": 25.2,
  "ES": 11.4,
  "YM": 19.7
 },
 "timing_control": {
  "NQ": {
   "all": {
    "median_conf_time": {
     "ALL_AGREE": 665,
     "DIVERGE": 755,
     "HALF": 655,
     "LEAD": 655
    },
    "diverge_minus_rest_pp_z": [
     1.5,
     1.02
    ],
    "agree_minus_lead_pp_z": [
     -0.9,
     -0.64
    ]
   },
   "2006-12": {
    "median_conf_time": {
     "ALL_AGREE": 665,
     "DIVERGE": 785,
     "HALF": 662,
     "LEAD": 660
    },
    "diverge_minus_rest_pp_z": [
     -0.8,
     -0.28
    ],
    "agree_minus_lead_pp_z": [
     -3.7,
     -1.56
    ]
   },
   "2013-19": {
    "median_conf_time": {
     "ALL_AGREE": 665,
     "DIVERGE": 760,
     "HALF": 655,
     "LEAD": 655
    },
    "diverge_minus_rest_pp_z": [
     3.2,
     1.42
    ],
    "agree_minus_lead_pp_z": [
     -1.5,
     -0.63
    ]
   },
   "2020-25": {
    "median_conf_time": {
     "ALL_AGREE": 665,
     "DIVERGE": 735,
     "HALF": 650,
     "LEAD": 650
    },
    "diverge_minus_rest_pp_z": [
     0.8,
     0.29
    ],
    "agree_minus_lead_pp_z": [
     3.8,
     1.39
    ]
   }
  },
  "ES": {
   "all": {
    "median_conf_time": {
     "ALL_AGREE": 655,
     "DIVERGE": 770,
     "HALF": 660,
     "LEAD": 660
    },
    "diverge_minus_rest_pp_z": [
     -1.9,
     -1.06
    ],
    "agree_minus_lead_pp_z": [
     4.7,
     2.36
    ]
   },
   "2006-12": {
    "median_conf_time": {
     "ALL_AGREE": 660,
     "DIVERGE": 790,
     "HALF": 665,
     "LEAD": 660
    },
    "diverge_minus_rest_pp_z": [
     -5.3,
     -1.71
    ],
    "agree_minus_lead_pp_z": [
     0.2,
     0.05
    ]
   },
   "2013-19": {
    "median_conf_time": {
     "ALL_AGREE": 655,
     "DIVERGE": 765,
     "HALF": 665,
     "LEAD": 660
    },
    "diverge_minus_rest_pp_z": [
     3.2,
     1.3
    ],
    "agree_minus_lead_pp_z": [
     7.0,
     2.03
    ]
   },
   "2020-25": {
    "median_conf_time": {
     "ALL_AGREE": 650,
     "DIVERGE": 750,
     "HALF": 655,
     "LEAD": 650
    },
    "diverge_minus_rest_pp_z": [
     -2.1,
     -0.63
    ],
    "agree_minus_lead_pp_z": [
     8.8,
     2.16
    ]
   }
  },
  "YM": {
   "all": {
    "median_conf_time": {
     "ALL_AGREE": 665,
     "DIVERGE": 747,
     "HALF": 660,
     "LEAD": 655
    },
    "diverge_minus_rest_pp_z": [
     -1.1,
     -0.68
    ],
    "agree_minus_lead_pp_z": [
     1.3,
     0.82
    ]
   },
   "2006-12": {
    "median_conf_time": {
     "ALL_AGREE": 665,
     "DIVERGE": 772,
     "HALF": 660,
     "LEAD": 660
    },
    "diverge_minus_rest_pp_z": [
     1.2,
     0.41
    ],
    "agree_minus_lead_pp_z": [
     3.8,
     1.3
    ]
   },
   "2013-19": {
    "median_conf_time": {
     "ALL_AGREE": 665,
     "DIVERGE": 740,
     "HALF": 655,
     "LEAD": 655
    },
    "diverge_minus_rest_pp_z": [
     -1.8,
     -0.6
    ],
    "agree_minus_lead_pp_z": [
     -0.8,
     -0.3
    ]
   },
   "2020-25": {
    "median_conf_time": {
     "ALL_AGREE": 670,
     "DIVERGE": 735,
     "HALF": 655,
     "LEAD": 650
    },
    "diverge_minus_rest_pp_z": [
     -3.3,
     -1.23
    ],
    "agree_minus_lead_pp_z": [
     1.9,
     0.69
    ]
   }
  }
 },
 "verdict_per_instrument": {
  "NQ": {
   "_z_all_agree_vs_lead": false,
   "_z_diverge_vs_rest": true
  },
  "ES": {
   "_z_all_agree_vs_lead": false,
   "_z_diverge_vs_rest": true
  },
  "YM": {
   "_z_all_agree_vs_lead": false,
   "_z_diverge_vs_rest": true
  }
 },
 "relationship": {
  "_z_all_agree_vs_lead": false,
  "_z_diverge_vs_rest": true
 }
}
== NQ
  all     ALL_AGREE: n 2027, DRtrue 82.1% (80.3, 83.7), +1IDR 44.8%, retr -0.38 | HALF: n 853, DRtrue 83.5% (80.8, 85.8), +1IDR 48.4%, retr -0.41 | LEAD: n 1316, DRtrue 81.0% (78.8, 83.0), +1IDR 49.8%, retr -0.4 | DIVERGE: n 518, DRtrue 90.5% (87.7, 92.8), +1IDR 42.0%, retr -0.24 || z agree-lead 0.79, z diverge-rest 4.86
  2006-12 ALL_AGREE: n 779, DRtrue 79.4% (76.4, 82.1), +1IDR 46.3%, retr -0.4 | HALF: n 240, DRtrue 79.9% (74.4, 84.5), +1IDR 51.2%, retr -0.46 | LEAD: n 475, DRtrue 81.4% (77.6, 84.6), +1IDR 51.9%, retr -0.36 | DIVERGE: n 152, DRtrue 88.7% (82.7, 92.9), +1IDR 47.0%, retr -0.2 || z agree-lead -0.88, z diverge-rest 2.58
  2013-19 ALL_AGREE: n 712, DRtrue 82.7% (79.8, 85.3), +1IDR 44.0%, retr -0.42 | HALF: n 285, DRtrue 85.3% (80.7, 88.9), +1IDR 47.4%, retr -0.35 | LEAD: n 456, DRtrue 82.5% (78.7, 85.7), +1IDR 48.7%, retr -0.38 | DIVERGE: n 186, DRtrue 93.0% (88.4, 95.9), +1IDR 35.5%, retr -0.26 || z agree-lead 0.12, z diverge-rest 3.48
  2020-25 ALL_AGREE: n 536, DRtrue 85.1% (81.8, 87.8), +1IDR 43.8%, retr -0.27 | HALF: n 328, DRtrue 84.5% (80.1, 88.0), +1IDR 47.3%, retr -0.42 | LEAD: n 385, DRtrue 78.7% (74.3, 82.5), +1IDR 48.6%, retr -0.47 | DIVERGE: n 180, DRtrue 89.4% (84.1, 93.1), +1IDR 44.4%, retr -0.24 || z agree-lead 2.51, z diverge-rest 2.21
  timing all     median conf {'ALL_AGREE': 665, 'DIVERGE': 755, 'HALF': 655, 'LEAD': 655} | inside strata: diverge-rest (1.5, 1.02) pp,z | agree-lead (-0.9, -0.64) pp,z
  timing 2006-12 median conf {'ALL_AGREE': 665, 'DIVERGE': 785, 'HALF': 662, 'LEAD': 660} | inside strata: diverge-rest (-0.8, -0.28) pp,z | agree-lead (-3.7, -1.56) pp,z
  timing 2013-19 median conf {'ALL_AGREE': 665, 'DIVERGE': 760, 'HALF': 655, 'LEAD': 655} | inside strata: diverge-rest (3.2, 1.42) pp,z | agree-lead (-1.5, -0.63) pp,z
  timing 2020-25 median conf {'ALL_AGREE': 665, 'DIVERGE': 735, 'HALF': 650, 'LEAD': 650} | inside strata: diverge-rest (0.8, 0.29) pp,z | agree-lead (3.8, 1.39) pp,z
== ES
  all     ALL_AGREE: n 1539, DRtrue 80.2% (78.2, 82.1), +1IDR 51.8%, retr -0.45 | HALF: n 2196, DRtrue 78.9% (77.1, 80.5), +1IDR 54.0%, retr -0.47 | LEAD: n 641, DRtrue 75.1% (71.6, 78.3), +1IDR 50.5%, retr -0.57 | DIVERGE: n 477, DRtrue 86.1% (82.7, 89.0), +1IDR 49.1%, retr -0.33 || z agree-lead 2.68, z diverge-rest 3.77
  2006-12 ALL_AGREE: n 637, DRtrue 79.4% (76.1, 82.4), +1IDR 54.6%, retr -0.47 | HALF: n 669, DRtrue 78.9% (75.6, 81.8), +1IDR 54.6%, retr -0.49 | LEAD: n 219, DRtrue 79.6% (73.8, 84.5), +1IDR 53.0%, retr -0.52 | DIVERGE: n 157, DRtrue 85.3% (78.8, 90.0), +1IDR 52.2%, retr -0.3 || z agree-lead -0.07, z diverge-rest 1.79
  2013-19 ALL_AGREE: n 573, DRtrue 80.8% (77.4, 83.8), +1IDR 53.1%, retr -0.46 | HALF: n 745, DRtrue 80.1% (77.1, 82.8), +1IDR 54.5%, retr -0.46 | LEAD: n 232, DRtrue 73.7% (67.7, 79.0), +1IDR 47.0%, retr -0.57 | DIVERGE: n 147, DRtrue 91.8% (86.3, 95.3), +1IDR 49.0%, retr -0.25 || z agree-lead 2.23, z diverge-rest 3.63
  2020-25 ALL_AGREE: n 329, DRtrue 80.9% (76.3, 84.7), +1IDR 44.4%, retr -0.42 | HALF: n 782, DRtrue 77.6% (74.6, 80.4), +1IDR 53.1%, retr -0.47 | LEAD: n 190, DRtrue 71.6% (64.8, 77.5), +1IDR 52.1%, retr -0.71 | DIVERGE: n 173, DRtrue 82.1% (75.7, 87.1), +1IDR 46.2%, retr -0.41 || z agree-lead 2.44, z diverge-rest 1.35
  timing all     median conf {'ALL_AGREE': 655, 'DIVERGE': 770, 'HALF': 660, 'LEAD': 660} | inside strata: diverge-rest (-1.9, -1.06) pp,z | agree-lead (4.7, 2.36) pp,z
  timing 2006-12 median conf {'ALL_AGREE': 660, 'DIVERGE': 790, 'HALF': 665, 'LEAD': 660} | inside strata: diverge-rest (-5.3, -1.71) pp,z | agree-lead (0.2, 0.05) pp,z
  timing 2013-19 median conf {'ALL_AGREE': 655, 'DIVERGE': 765, 'HALF': 665, 'LEAD': 660} | inside strata: diverge-rest (3.2, 1.3) pp,z | agree-lead (7.0, 2.03) pp,z
  timing 2020-25 median conf {'ALL_AGREE': 650, 'DIVERGE': 750, 'HALF': 655, 'LEAD': 650} | inside strata: diverge-rest (-2.1, -0.63) pp,z | agree-lead (8.8, 2.16) pp,z
== YM
  all     ALL_AGREE: n 2015, DRtrue 81.5% (79.7, 83.1), +1IDR 49.7%, retr -0.4 | HALF: n 1134, DRtrue 79.6% (77.2, 81.9), +1IDR 50.2%, retr -0.49 | LEAD: n 1060, DRtrue 78.3% (75.7, 80.7), +1IDR 47.9%, retr -0.5 | DIVERGE: n 536, DRtrue 86.7% (83.6, 89.3), +1IDR 46.9%, retr -0.37 || z agree-lead 2.12, z diverge-rest 3.64
  2006-12 ALL_AGREE: n 738, DRtrue 79.8% (76.7, 82.5), +1IDR 53.9%, retr -0.41 | HALF: n 466, DRtrue 78.8% (74.8, 82.2), +1IDR 51.7%, retr -0.54 | LEAD: n 317, DRtrue 75.3% (70.3, 79.7), +1IDR 50.6%, retr -0.55 | DIVERGE: n 144, DRtrue 88.8% (82.6, 93.0), +1IDR 48.3%, retr -0.31 || z agree-lead 1.6, z diverge-rest 2.91
  2013-19 ALL_AGREE: n 705, DRtrue 82.0% (79.0, 84.6), +1IDR 50.4%, retr -0.38 | HALF: n 412, DRtrue 77.4% (73.1, 81.2), +1IDR 50.0%, retr -0.52 | LEAD: n 360, DRtrue 81.4% (77.0, 85.1), +1IDR 51.4%, retr -0.42 | DIVERGE: n 164, DRtrue 86.0% (79.8, 90.5), +1IDR 44.5%, retr -0.38 || z agree-lead 0.24, z diverge-rest 1.68
  2020-25 ALL_AGREE: n 572, DRtrue 83.0% (79.7, 85.9), +1IDR 43.5%, retr -0.4 | HALF: n 256, DRtrue 84.8% (79.9, 88.7), +1IDR 47.7%, retr -0.34 | LEAD: n 383, DRtrue 77.8% (73.4, 81.7), +1IDR 42.3%, retr -0.53 | DIVERGE: n 228, DRtrue 86.0% (80.9, 89.9), +1IDR 47.8%, retr -0.4 || z agree-lead 2.02, z diverge-rest 1.53
  timing all     median conf {'ALL_AGREE': 665, 'DIVERGE': 747, 'HALF': 660, 'LEAD': 655} | inside strata: diverge-rest (-1.1, -0.68) pp,z | agree-lead (1.3, 0.82) pp,z
  timing 2006-12 median conf {'ALL_AGREE': 665, 'DIVERGE': 772, 'HALF': 660, 'LEAD': 660} | inside strata: diverge-rest (1.2, 0.41) pp,z | agree-lead (3.8, 1.3) pp,z
  timing 2013-19 median conf {'ALL_AGREE': 665, 'DIVERGE': 740, 'HALF': 655, 'LEAD': 655} | inside strata: diverge-rest (-1.8, -0.6) pp,z | agree-lead (-0.8, -0.3) pp,z
  timing 2020-25 median conf {'ALL_AGREE': 670, 'DIVERGE': 735, 'HALF': 655, 'LEAD': 650} | inside strata: diverge-rest (-3.3, -1.23) pp,z | agree-lead (1.9, 0.69) pp,z
