Слом DR по закрытию -> доходит ли цена до -1,0 SD с противоположной стороны к концу сессии (NQ)
Только агрегаты: счётчики и проценты; цен, свечей и строк по сессиям здесь нет.

=== 1. Данные и контроль
файлы: lab/.runtime/boxes_nq_meta.json (версия dr-lab-boxes-1), boxes_nq.npz; инструмент NQ, тик 0.25; коробок 14312; строк свечей 1046582
первый год в данных 2006; последний год 2025 (последняя торговая дата в базе 2025-12-31); записей с годом 2026 и позже: 0  [проверено assert: 2026 в данных нет]
пересчёт из самих свечей по всем 14312 коробкам (DR, IDR, подтверждение, сторона, слом DR): расхождений с базой {'dr': 0, 'idr': 0, 'conf': 0, 'side': 0, 'fail': 0, 'window': 0}

сессия   коробок  завершённых  подтверждённых  сломанных  доля сломанных среди подтверждённых   прежний замер репозитория
ADR         4249         4235            4090       1101                           26.9 %   
ODR         4959         4958            4735       1072                           22.6 %   4735 / 1072: совпало
RDR         5104         5101            4730        803                           17.0 %   4730 / 803: совпало
население (завершена, подтверждена, сломана): 2976 сессий
незавершённых сессий в базе 18 — в население не входят
сломанных сессий с подтверждением без стороны или стороной без подтверждения: 0 (должно быть 0)
второй способ подсчёта A и B (бегущие экстремумы вместо any) по всем 2976 сломам: расхождений 0
третий способ (простой цикл по свечам, без numpy) — три признака «до слома / на свече слома / после» по всем 2976 сломам: расхождений 0
первый год среди сломанных сессий: 2006; по сессиям (остальное): ADR 2006, ODR 2006, RDR 2006

=== 2. Определения (заморожены до подсчёта)
слом: после подтверждения первое закрытие M5 за противоположным краем DR (для лонга ниже низа DR, для шорта выше верха DR)
ширина IDR w = верх IDR - низ IDR; уровень -1,0 SD с противоположной стороны (сетка STD Pine, шаг 0,5 IDR от краёв IDR):
  лонг сломан вниз:  L = низ IDR - 1,0 * w, достигнут, если LOW свечи <= L
  шорт сломан вверх: L = верх IDR + 1,0 * w, достигнут, если HIGH свечи >= L
горизонт: от свечи слома (close_minute == fail) включительно до последней свечи сессии
A = достигнут на любой свече от свечи слома (включительно) до конца сессии
B = впервые достигнут только после закрытия свечи слома (не на ней и не раньше)
C = уже был достигнут на свече слома или раньше в сессии (после формирующего часа)
разбиение по свече ПЕРВОГО касания: до слома (и потом снова / и больше нет) | на свече слома | после слома (B) | не достигнут
  A = до слома и снова + на свече слома (впервые) + B;  C = до слома (обе группы) + на свече слома (впервые);  N = C + B + не достигнут

=== 3. Главная таблица (95 % интервал Уилсона для A; N < 100 отмечено звёздочкой)

-- последние 5 лет 2021–2025
сессия  что сломано           N сломов    A: дошли к концу сессии   [95 % ДИ]        B: впервые после свечи слома    C: уже были к слому
ADR     оба                     319      58.9 % ( 188)   [ 53.5– 64.2]     45.1 % ( 144)                 13.8 % (  44)
ADR     лонг сломан вниз        155      60.6 % (  94)   [ 52.8– 68.0]     45.2 % (  70)                 15.5 % (  24)
ADR     шорт сломан вверх       164      57.3 % (  94)   [ 49.7– 64.6]     45.1 % (  74)                 12.2 % (  20)
ODR     оба                     260      51.9 % ( 135)   [ 45.9– 57.9]     43.8 % ( 114)                  8.1 % (  21)
ODR     лонг сломан вниз        131      51.9 % (  68)   [ 43.4– 60.3]     43.5 % (  57)                  8.4 % (  11)
ODR     шорт сломан вверх       129      51.9 % (  67)   [ 43.4– 60.4]     44.2 % (  57)                  7.8 % (  10)
RDR     оба                     177      46.9 % (  83)   [ 39.7– 54.2]     35.6 % (  63)                 11.3 % (  20)
RDR     лонг сломан вниз         88*     51.1 % (  45)   [ 40.9– 61.3]     36.4 % (  32)                 14.8 % (  13)
RDR     шорт сломан вверх        89*     42.7 % (  38)   [ 32.9– 53.1]     34.8 % (  31)                  7.9 % (   7)
все три оба                     756      53.7 % ( 406)   [ 50.1– 57.2]     42.5 % ( 321)                 11.2 % (  85)

-- остальное 2006–2020
сессия  что сломано           N сломов    A: дошли к концу сессии   [95 % ДИ]        B: впервые после свечи слома    C: уже были к слому
ADR     оба                     782      59.6 % ( 466)   [ 56.1– 63.0]     43.0 % ( 336)                 16.8 % ( 131)
ADR     лонг сломан вниз        360      61.4 % ( 221)   [ 56.3– 66.3]     44.4 % ( 160)                 17.2 % (  62)
ADR     шорт сломан вверх       422      58.1 % ( 245)   [ 53.3– 62.7]     41.7 % ( 176)                 16.4 % (  69)
ODR     оба                     812      53.2 % ( 432)   [ 49.8– 56.6]     42.4 % ( 344)                 10.8 % (  88)
ODR     лонг сломан вниз        383      54.8 % ( 210)   [ 49.8– 59.7]     41.8 % ( 160)                 13.1 % (  50)
ODR     шорт сломан вверх       429      51.7 % ( 222)   [ 47.0– 56.4]     42.9 % ( 184)                  8.9 % (  38)
RDR     оба                     626      45.8 % ( 287)   [ 42.0– 49.8]     38.5 % ( 241)                  7.3 % (  46)
RDR     лонг сломан вниз        325      48.0 % ( 156)   [ 42.6– 53.4]     38.8 % ( 126)                  9.2 % (  30)
RDR     шорт сломан вверх       301      43.5 % ( 131)   [ 38.0– 49.2]     38.2 % ( 115)                  5.3 % (  16)
все три оба                    2220      53.4 % (1185)   [ 51.3– 55.4]     41.5 % ( 921)                 11.9 % ( 265)

-- все годы 2006–2025
сессия  что сломано           N сломов    A: дошли к концу сессии   [95 % ДИ]        B: впервые после свечи слома    C: уже были к слому
ADR     оба                    1101      59.4 % ( 654)   [ 56.5– 62.3]     43.6 % ( 480)                 15.9 % ( 175)
ADR     лонг сломан вниз        515      61.2 % ( 315)   [ 56.9– 65.3]     44.7 % ( 230)                 16.7 % (  86)
ADR     шорт сломан вверх       586      57.8 % ( 339)   [ 53.8– 61.8]     42.7 % ( 250)                 15.2 % (  89)
ODR     оба                    1072      52.9 % ( 567)   [ 49.9– 55.9]     42.7 % ( 458)                 10.2 % ( 109)
ODR     лонг сломан вниз        514      54.1 % ( 278)   [ 49.8– 58.3]     42.2 % ( 217)                 11.9 % (  61)
ODR     шорт сломан вверх       558      51.8 % ( 289)   [ 47.6– 55.9]     43.2 % ( 241)                  8.6 % (  48)
RDR     оба                     803      46.1 % ( 370)   [ 42.7– 49.5]     37.9 % ( 304)                  8.2 % (  66)
RDR     лонг сломан вниз        413      48.7 % ( 201)   [ 43.9– 53.5]     38.3 % ( 158)                 10.4 % (  43)
RDR     шорт сломан вверх       390      43.3 % ( 169)   [ 38.5– 48.3]     37.4 % ( 146)                  5.9 % (  23)
все три оба                    2976      53.5 % (1591)   [ 51.7– 55.2]     41.7 % (1242)                 11.8 % ( 350)

=== 4. «В большинстве случаев» (> 50 %): оба направления вместе; вердикт по границам интервала Уилсона
-- последние 5 лет 2021–2025
  ADR      N   319: A  58.9 % -> да, больше половины (нижняя граница ДИ > 50 %)
  ODR      N   260: A  51.9 % -> не ясно (ДИ накрывает 50 %)
  RDR      N   177: A  46.9 % -> не ясно (ДИ накрывает 50 %)
  все три  N   756: A  53.7 % -> да, больше половины (нижняя граница ДИ > 50 %)
-- остальное 2006–2020
  ADR      N   782: A  59.6 % -> да, больше половины (нижняя граница ДИ > 50 %)
  ODR      N   812: A  53.2 % -> не ясно (ДИ накрывает 50 %)
  RDR      N   626: A  45.8 % -> нет, меньше половины (верхняя граница ДИ < 50 %)
  все три  N  2220: A  53.4 % -> да, больше половины (нижняя граница ДИ > 50 %)
-- все годы 2006–2025
  ADR      N  1101: A  59.4 % -> да, больше половины (нижняя граница ДИ > 50 %)
  ODR      N  1072: A  52.9 % -> не ясно (ДИ накрывает 50 %)
  RDR      N   803: A  46.1 % -> нет, меньше половины (верхняя граница ДИ < 50 %)
  все три  N  2976: A  53.5 % -> да, больше половины (нижняя граница ДИ > 50 %)
-- по направлениям, последние 5 лет и все годы
  recent ADR лонг сломан вниз    N  155: A  60.6 % -> да, больше половины (нижняя граница ДИ > 50 %)
  recent ADR шорт сломан вверх   N  164: A  57.3 % -> не ясно (ДИ накрывает 50 %)
  recent ODR лонг сломан вниз    N  131: A  51.9 % -> не ясно (ДИ накрывает 50 %)
  recent ODR шорт сломан вверх   N  129: A  51.9 % -> не ясно (ДИ накрывает 50 %)
  recent RDR лонг сломан вниз    N   88: A  51.1 % -> не ясно (ДИ накрывает 50 %)
  recent RDR шорт сломан вверх   N   89: A  42.7 % -> не ясно (ДИ накрывает 50 %)
  all    ADR лонг сломан вниз    N  515: A  61.2 % -> да, больше половины (нижняя граница ДИ > 50 %)
  all    ADR шорт сломан вверх   N  586: A  57.8 % -> да, больше половины (нижняя граница ДИ > 50 %)
  all    ODR лонг сломан вниз    N  514: A  54.1 % -> не ясно (ДИ накрывает 50 %)
  all    ODR шорт сломан вверх   N  558: A  51.8 % -> не ясно (ДИ накрывает 50 %)
  all    RDR лонг сломан вниз    N  413: A  48.7 % -> не ясно (ДИ накрывает 50 %)
  all    RDR шорт сломан вверх   N  390: A  43.3 % -> нет, меньше половины (верхняя граница ДИ < 50 %)

=== 5. Когда уровень был впервые достигнут: разбиение N на взаимоисключающие части (оба направления)
   до слома: уровень тронут свечой раньше свечи слома (после формирующего часа); снова = и на/после свечи слома
  ADR      последние 5 лет 2021–2025    N   319 = до слома и снова   5 + до слома и больше нет   0 + на свече слома  39 + B  144 + не достигнут  131   |  A  188 = 5+39+144; C  44 = 0+5+39
  ADR      остальное 2006–2020          N   782 = до слома и снова  10 + до слома и больше нет   1 + на свече слома 120 + B  336 + не достигнут  315   |  A  466 = 10+120+336; C 131 = 1+10+120
  ADR      все годы 2006–2025           N  1101 = до слома и снова  15 + до слома и больше нет   1 + на свече слома 159 + B  480 + не достигнут  446   |  A  654 = 15+159+480; C 175 = 1+15+159
  ODR      последние 5 лет 2021–2025    N   260 = до слома и снова   3 + до слома и больше нет   0 + на свече слома  18 + B  114 + не достигнут  125   |  A  135 = 3+18+114; C  21 = 0+3+18
  ODR      остальное 2006–2020          N   812 = до слома и снова  14 + до слома и больше нет   0 + на свече слома  74 + B  344 + не достигнут  380   |  A  432 = 14+74+344; C  88 = 0+14+74
  ODR      все годы 2006–2025           N  1072 = до слома и снова  17 + до слома и больше нет   0 + на свече слома  92 + B  458 + не достигнут  505   |  A  567 = 17+92+458; C 109 = 0+17+92
  RDR      последние 5 лет 2021–2025    N   177 = до слома и снова   4 + до слома и больше нет   0 + на свече слома  16 + B   63 + не достигнут   94   |  A   83 = 4+16+63; C  20 = 0+4+16
  RDR      остальное 2006–2020          N   626 = до слома и снова   5 + до слома и больше нет   0 + на свече слома  41 + B  241 + не достигнут  339   |  A  287 = 5+41+241; C  46 = 0+5+41
  RDR      все годы 2006–2025           N   803 = до слома и снова   9 + до слома и больше нет   0 + на свече слома  57 + B  304 + не достигнут  433   |  A  370 = 9+57+304; C  66 = 0+9+57
  все три  последние 5 лет 2021–2025    N   756 = до слома и снова  12 + до слома и больше нет   0 + на свече слома  73 + B  321 + не достигнут  350   |  A  406 = 12+73+321; C  85 = 0+12+73
  все три  остальное 2006–2020          N  2220 = до слома и снова  29 + до слома и больше нет   1 + на свече слома 235 + B  921 + не достигнут 1034   |  A 1185 = 29+235+921; C 265 = 1+29+235
  все три  все годы 2006–2025           N  2976 = до слома и снова  41 + до слома и больше нет   1 + на свече слома 308 + B 1242 + не достигнут 1384   |  A 1591 = 41+308+1242; C 350 = 1+41+308

   доля B среди сломов, где к закрытию свечи слома уровня ещё не было (N - C): это «вперёд-вероятность» для того, кто видит закрытие свечи слома
  ADR      последние 5 лет 2021–2025    N-C   275: дошли позже  144 =  52.4 % [ 46.5– 58.2] -> не ясно (ДИ накрывает 50 %)
  ADR      остальное 2006–2020          N-C   651: дошли позже  336 =  51.6 % [ 47.8– 55.4] -> не ясно (ДИ накрывает 50 %)
  ADR      все годы 2006–2025           N-C   926: дошли позже  480 =  51.8 % [ 48.6– 55.0] -> не ясно (ДИ накрывает 50 %)
  ODR      последние 5 лет 2021–2025    N-C   239: дошли позже  114 =  47.7 % [ 41.5– 54.0] -> не ясно (ДИ накрывает 50 %)
  ODR      остальное 2006–2020          N-C   724: дошли позже  344 =  47.5 % [ 43.9– 51.2] -> не ясно (ДИ накрывает 50 %)
  ODR      все годы 2006–2025           N-C   963: дошли позже  458 =  47.6 % [ 44.4– 50.7] -> не ясно (ДИ накрывает 50 %)
  RDR      последние 5 лет 2021–2025    N-C   157: дошли позже   63 =  40.1 % [ 32.8– 47.9] -> нет, меньше половины (верхняя граница ДИ < 50 %)
  RDR      остальное 2006–2020          N-C   580: дошли позже  241 =  41.6 % [ 37.6– 45.6] -> нет, меньше половины (верхняя граница ДИ < 50 %)
  RDR      все годы 2006–2025           N-C   737: дошли позже  304 =  41.2 % [ 37.7– 44.8] -> нет, меньше половины (верхняя граница ДИ < 50 %)
  все три  последние 5 лет 2021–2025    N-C   671: дошли позже  321 =  47.8 % [ 44.1– 51.6] -> не ясно (ДИ накрывает 50 %)
  все три  остальное 2006–2020          N-C  1955: дошли позже  921 =  47.1 % [ 44.9– 49.3] -> нет, меньше половины (верхняя граница ДИ < 50 %)
  все три  все годы 2006–2025           N-C  2626: дошли позже 1242 =  47.3 % [ 45.4– 49.2] -> нет, меньше половины (верхняя граница ДИ < 50 %)

=== 6. Время: от закрытия свечи слома до закрытия свечи, в которой уровень тронут впервые (только группа B; шаг 5 минут)
   (касание случилось где-то внутри этой M5, поэтому точность — одна свеча, то есть 5 минут; 5 = уже в следующей свече)
  ADR      последние 5 лет 2021–2025    B  144: медиана   25.0 мин, 25–75 % [ 10.0– 65.0], в первой же свече  18.1 %; после слома до конца сессии, медиана всех сломов  155.0 мин
  ADR      остальное 2006–2020          B  336: медиана   20.0 мин, 25–75 % [ 10.0– 50.0], в первой же свече  22.3 %; после слома до конца сессии, медиана всех сломов  180.0 мин
  ADR      все годы 2006–2025           B  480: медиана   25.0 мин, 25–75 % [ 10.0– 55.0], в первой же свече  21.0 %; после слома до конца сессии, медиана всех сломов  175.0 мин
  ODR      последние 5 лет 2021–2025    B  114: медиана   25.0 мин, 25–75 % [ 10.0– 55.0], в первой же свече  11.4 %; после слома до конца сессии, медиана всех сломов   90.0 мин
  ODR      остальное 2006–2020          B  344: медиана   25.0 мин, 25–75 % [ 10.0– 55.0], в первой же свече  18.6 %; после слома до конца сессии, медиана всех сломов   90.0 мин
  ODR      все годы 2006–2025           B  458: медиана   25.0 мин, 25–75 % [ 10.0– 55.0], в первой же свече  16.8 %; после слома до конца сессии, медиана всех сломов   90.0 мин
  RDR      последние 5 лет 2021–2025    B   63: медиана   40.0 мин, 25–75 % [ 15.0– 97.5], в первой же свече  17.5 %; после слома до конца сессии, медиана всех сломов  115.0 мин
  RDR      остальное 2006–2020          B  241: медиана   25.0 мин, 25–75 % [ 10.0– 65.0], в первой же свече  21.2 %; после слома до конца сессии, медиана всех сломов  105.0 мин
  RDR      все годы 2006–2025           B  304: медиана   30.0 мин, 25–75 % [ 10.0– 71.2], в первой же свече  20.4 %; после слома до конца сессии, медиана всех сломов  105.0 мин
  все три  последние 5 лет 2021–2025    B  321: медиана   25.0 мин, 25–75 % [ 10.0– 70.0], в первой же свече  15.6 %; после слома до конца сессии, медиана всех сломов  115.0 мин
  все три  остальное 2006–2020          B  921: медиана   25.0 мин, 25–75 % [ 10.0– 55.0], в первой же свече  20.6 %; после слома до конца сессии, медиана всех сломов  120.0 мин
  все три  все годы 2006–2025           B 1242: медиана   25.0 мин, 25–75 % [ 10.0– 60.0], в первой же свече  19.3 %; после слома до конца сессии, медиана всех сломов  120.0 мин
   мало времени после слома: осталось меньше 60 минут — доля сломов, оба направления:
  ADR последние 5 лет 2021–2025    N  319:  22.9 %  (ровно на последней свече сессии: 3)
  ADR все годы 2006–2025           N 1101:  17.8 %  (ровно на последней свече сессии: 12)
  ODR последние 5 лет 2021–2025    N  260:  30.8 %  (ровно на последней свече сессии: 11)
  ODR все годы 2006–2025           N 1072:  31.4 %  (ровно на последней свече сессии: 30)
  RDR последние 5 лет 2021–2025    N  177:  18.6 %  (ровно на последней свече сессии: 8)
  RDR все годы 2006–2025           N  803:  28.0 %  (ровно на последней свече сессии: 28)

=== 7. Проверки устойчивости и геометрии (оба направления вместе)
  ADR: уровень -1,0 SD не глубже края DR (достигается самой свечой слома по построению): 3 из 1101; тронут уже в формирующий час (уровня ещё не было): 3; тронут до закрытия подтверждающей свечи включительно: 4; рынок закрылся раньше срока (короткая сессия): 2
  ODR: уровень -1,0 SD не глубже края DR (достигается самой свечой слома по построению): 3 из 1072; тронут уже в формирующий час (уровня ещё не было): 3; тронут до закрытия подтверждающей свечи включительно: 5; рынок закрылся раньше срока (короткая сессия): 0
  RDR: уровень -1,0 SD не глубже края DR (достигается самой свечой слома по построению): 1 из 803; тронут уже в формирующий час (уровня ещё не было): 1; тронут до закрытия подтверждающей свечи включительно: 1; рынок закрылся раньше срока (короткая сессия): 8
  сравнение A при разных вариантах (последние 5 лет | все годы):
  ADR      последние 5 лет 2021–2025: A  58.9 % | без коротких сессий (N 319)  58.9 % | на тик глубже уровня  58.6 %  ||  все годы 2006–2025: A  59.4 % | без коротких сессий (N 1099)  59.3 % | на тик глубже уровня  56.9 %
  ODR      последние 5 лет 2021–2025: A  51.9 % | без коротких сессий (N 260)  51.9 % | на тик глубже уровня  51.2 %  ||  все годы 2006–2025: A  52.9 % | без коротких сессий (N 1072)  52.9 % | на тик глубже уровня  51.0 %
  RDR      последние 5 лет 2021–2025: A  46.9 % | без коротких сессий (N 177)  46.9 % | на тик глубже уровня  46.9 %  ||  все годы 2006–2025: A  46.1 % | без коротких сессий (N 795)  45.9 % | на тик глубже уровня  45.3 %
  все три  последние 5 лет 2021–2025: A  53.7 % | без коротких сессий (N 756)  53.7 % | на тик глубже уровня  53.3 %  ||  все годы 2006–2025: A  53.5 % | без коротких сессий (N 2966)  53.4 % | на тик глубже уровня  51.7 %
  наибольшая разница A между 2021–2025 и остальным по сессиям (оба направления): 1.3 пункта; наибольшее изменение A при исключении коротких сессий: 0.2 пункта
  только сломы, после которых до конца сессии оставалось не меньше 60 минут (A, %; N в скобках):
  ADR      последние 5 лет 2021–2025:  63.8 % [ 57.6– 69.6] (N 246)  ||  все годы 2006–2025:  63.2 % [ 60.0– 66.3] (N 905)
  ODR      последние 5 лет 2021–2025:  61.1 % [ 53.8– 67.9] (N 180)  ||  все годы 2006–2025:  62.3 % [ 58.8– 65.7] (N 735)
  RDR      последние 5 лет 2021–2025:  54.9 % [ 46.7– 62.8] (N 144)  ||  все годы 2006–2025:  55.9 % [ 51.8– 59.9] (N 578)
  все три  последние 5 лет 2021–2025:  60.7 % [ 56.6– 64.6] (N 570)  ||  все годы 2006–2025:  61.0 % [ 59.0– 63.0] (N 2218)
  A в зависимости от времени, оставшегося до конца сессии после закрытия свечи слома (известно в момент слома); A, % (N):
  меньше 30 мин      2021–2025: ADR   28 (36) ODR   19 (42) RDR   14 (21) все   21 (99)   |   все годы: ADR    26 (96) ODR   24 (174) RDR   16 (122) все   22 (392)
  30–59 мин          2021–2025: ADR   57 (37) ODR   45 (38) RDR    8 (12) все   45 (87)   |   все годы: ADR   57 (100) ODR   41 (163) RDR   26 (103) все   41 (366)
  60–119 мин         2021–2025: ADR   43 (53) ODR   59 (88) RDR   47 (60) все  51 (201)   |   все годы: ADR   47 (171) ODR   57 (334) RDR   49 (220) все   52 (725)
  120 мин и больше   2021–2025: ADR  69 (193) ODR   63 (92) RDR   61 (84) все  66 (369)   |   все годы: ADR   67 (734) ODR   67 (401) RDR   60 (358) все  65 (1493)
  как далеко закрытие свечи слома от уровня -1,0 SD, в ширинах IDR (медиана; 25–75 %) — чем больше, тем дальше идти:
  ADR      последние 5 лет 2021–2025: 0.69 (0.47–0.83)  ||  все годы 2006–2025: 0.67 (0.44–0.81)
  ODR      последние 5 лет 2021–2025: 0.68 (0.51–0.82)  ||  все годы 2006–2025: 0.68 (0.50–0.81)
  RDR      последние 5 лет 2021–2025: 0.71 (0.52–0.83)  ||  все годы 2006–2025: 0.70 (0.50–0.82)
  все три  последние 5 лет 2021–2025: 0.69 (0.50–0.82)  ||  все годы 2006–2025: 0.69 (0.49–0.82)
  разброс медиан расстояния между сессиями (2021–2025): 0.03 ширины IDR

=== 8. Контекст (вне вопроса): та же доля A для других ступеней сетки STD; 0,0 = сам противоположный край IDR (на шкале отката репозитория это -1,0), 1,0 = вопрос оператора
  ступень 0.0:  2021–2025  ADR 100 ODR 100 RDR 100   |   все годы  ADR 100 ODR 100 RDR 100   (A, %)
  ступень 0.5:  2021–2025  ADR  85 ODR  84 RDR  76   |   все годы  ADR  84 ODR  83 RDR  78   (A, %)
  ступень 1.0:  2021–2025  ADR  59 ODR  52 RDR  47   |   все годы  ADR  59 ODR  53 RDR  46   (A, %)
  ступень 1.5:  2021–2025  ADR  36 ODR  31 RDR  33   |   все годы  ADR  40 ODR  32 RDR  29   (A, %)
  ступень 2.0:  2021–2025  ADR  23 ODR  19 RDR  20   |   все годы  ADR  28 ODR  20 RDR  18   (A, %)
  ступень 2.5:  2021–2025  ADR  17 ODR  12 RDR  13   |   все годы  ADR  22 ODR  14 RDR  12   (A, %)

=== 9. По годам: N сломов и A, % (оба направления)
  2006:  ADR N   3 A  66.7 %   ODR N  43 A  55.8 %   RDR N  40 A  52.5 %   | все три N  86 A  54.7 %
  2007:  ADR N   9 A  88.9 %   ODR N  62 A  53.2 %   RDR N  50 A  56.0 %   | все три N 121 A  57.0 %
  2008:  ADR N  32 A  62.5 %   ODR N  87 A  49.4 %   RDR N  62 A  54.8 %   | все три N 181 A  53.6 %
  2009:  ADR N  49 A  65.3 %   ODR N  63 A  52.4 %   RDR N  31 A  45.2 %   | все три N 143 A  55.2 %
  2010:  ADR N  57 A  43.9 %   ODR N  51 A  49.0 %   RDR N  31 A  48.4 %   | все три N 139 A  46.8 %
  2011:  ADR N  73 A  56.2 %   ODR N  33 A  42.4 %   RDR N  52 A  32.7 %   | все три N 158 A  45.6 %
  2012:  ADR N  68 A  57.4 %   ODR N  43 A  58.1 %   RDR N  47 A  55.3 %   | все три N 158 A  57.0 %
  2013:  ADR N  70 A  55.7 %   ODR N  60 A  50.0 %   RDR N  36 A  22.2 %   | все три N 166 A  46.4 %
  2014:  ADR N  67 A  67.2 %   ODR N  53 A  49.1 %   RDR N  32 A  46.9 %   | все три N 152 A  56.6 %
  2015:  ADR N  54 A  59.3 %   ODR N  45 A  57.8 %   RDR N  57 A  43.9 %   | все три N 156 A  53.2 %
  2016:  ADR N  65 A  50.8 %   ODR N  32 A  43.8 %   RDR N  33 A  48.5 %   | все три N 130 A  48.5 %
  2017:  ADR N  55 A  58.2 %   ODR N  57 A  70.2 %   RDR N  22 A  54.5 %   | все три N 134 A  62.7 %
  2018:  ADR N  58 A  69.0 %   ODR N  72 A  59.7 %   RDR N  50 A  48.0 %   | все три N 180 A  59.4 %
  2019:  ADR N  57 A  61.4 %   ODR N  53 A  52.8 %   RDR N  28 A  39.3 %   | все три N 138 A  53.6 %
  2020:  ADR N  65 A  66.2 %   ODR N  58 A  48.3 %   RDR N  55 A  38.2 %   | все три N 178 A  51.7 %
  2021:  ADR N  59 A  69.5 %   ODR N  36 A  58.3 %   RDR N  24 A  45.8 %   | все три N 119 A  61.3 %
  2022:  ADR N  62 A  66.1 %   ODR N  46 A  39.1 %   RDR N  39 A  56.4 %   | все три N 147 A  55.1 %
  2023:  ADR N  75 A  52.0 %   ODR N  63 A  46.0 %   RDR N  41 A  46.3 %   | все три N 179 A  48.6 %
  2024:  ADR N  66 A  56.1 %   ODR N  60 A  55.0 %   RDR N  37 A  35.1 %   | все три N 163 A  50.9 %
  2025:  ADR N  57 A  52.6 %   ODR N  55 A  61.8 %   RDR N  36 A  50.0 %   | все три N 148 A  55.4 %
  у трёх сессий вместе по году: сломов от 86 до 181; A от 45.6 до 62.7 %; в одной ячейке «год × сессия» сломов от 3 до 87
  интервалы Уилсона считают сессии независимыми; соседние сессии одного дня связаны общим режимом волатильности, поэтому реальная неопределённость чуть шире.

=== 10. Готовые таблицы для README (Markdown)

[ГЛАВНАЯ]
| Сессия | Что сломано | последние 5 лет 2021–2025: N | A, % (95 % ДИ) | B, % | остальное 2006–2020: N | A, % (95 % ДИ) | B, % | все годы 2006–2025: N | A, % (95 % ДИ) | B, % |
|---|---|--:|--:|--:|--:|--:|--:|--:|--:|--:|
| **ADR** | **оба** | 319 | 59 (53–64) | 45 | 782 | 60 (56–63) | 43 | 1101 | 59 (56–62) | 44 |
| ADR | лонг сломан вниз | 155 | 61 (53–68) | 45 | 360 | 61 (56–66) | 44 | 515 | 61 (57–65) | 45 |
| ADR | шорт сломан вверх | 164 | 57 (50–65) | 45 | 422 | 58 (53–63) | 42 | 586 | 58 (54–62) | 43 |
| **ODR** | **оба** | 260 | 52 (46–58) | 44 | 812 | 53 (50–57) | 42 | 1072 | 53 (50–56) | 43 |
| ODR | лонг сломан вниз | 131 | 52 (43–60) | 44 | 383 | 55 (50–60) | 42 | 514 | 54 (50–58) | 42 |
| ODR | шорт сломан вверх | 129 | 52 (43–60) | 44 | 429 | 52 (47–56) | 43 | 558 | 52 (48–56) | 43 |
| **RDR** | **оба** | 177 | 47 (40–54) | 36 | 626 | 46 (42–50) | 38 | 803 | 46 (43–50) | 38 |
| RDR | лонг сломан вниз | 88\* | 51 (41–61) | 36 | 325 | 48 (43–53) | 39 | 413 | 49 (44–53) | 38 |
| RDR | шорт сломан вверх | 89\* | 43 (33–53) | 35 | 301 | 44 (38–49) | 38 | 390 | 43 (39–48) | 37 |
| **все три** | **оба** | 756 | 54 (50–57) | 42 | 2220 | 53 (51–55) | 41 | 2976 | 53 (52–55) | 42 |

[РАЗБИЕНИЕ]
| Сессия | Период | N | уже до слома (и снова после) | уже до слома (и больше нет) | впервые на свече слома | впервые ПОСЛЕ слома (B) | не достигнут до конца сессии | A (итого) | C (уже к слому) |
|---|---|--:|--:|--:|--:|--:|--:|--:|--:|
| ADR | последние 5 лет 2021–2025 | 319 | 5 | 0 | 39 | 144 | 131 | 188 | 44 |
| ADR | остальное 2006–2020 | 782 | 10 | 1 | 120 | 336 | 315 | 466 | 131 |
| ADR | все годы 2006–2025 | 1101 | 15 | 1 | 159 | 480 | 446 | 654 | 175 |
| ODR | последние 5 лет 2021–2025 | 260 | 3 | 0 | 18 | 114 | 125 | 135 | 21 |
| ODR | остальное 2006–2020 | 812 | 14 | 0 | 74 | 344 | 380 | 432 | 88 |
| ODR | все годы 2006–2025 | 1072 | 17 | 0 | 92 | 458 | 505 | 567 | 109 |
| RDR | последние 5 лет 2021–2025 | 177 | 4 | 0 | 16 | 63 | 94 | 83 | 20 |
| RDR | остальное 2006–2020 | 626 | 5 | 0 | 41 | 241 | 339 | 287 | 46 |
| RDR | все годы 2006–2025 | 803 | 9 | 0 | 57 | 304 | 433 | 370 | 66 |
| все три | последние 5 лет 2021–2025 | 756 | 12 | 0 | 73 | 321 | 350 | 406 | 85 |
| все три | остальное 2006–2020 | 2220 | 29 | 1 | 235 | 921 | 1034 | 1185 | 265 |
| все три | все годы 2006–2025 | 2976 | 41 | 1 | 308 | 1242 | 1384 | 1591 | 350 |

[ВПЕРЁД]
| Сессия | Период | сломов без касания к закрытию свечи слома | из них дошли позже, % (95 % ДИ) |
|---|---|--:|--:|
| ADR | последние 5 лет 2021–2025 | 275 | 52 (46–58) |
| ADR | остальное 2006–2020 | 651 | 52 (48–55) |
| ADR | все годы 2006–2025 | 926 | 52 (49–55) |
| ODR | последние 5 лет 2021–2025 | 239 | 48 (41–54) |
| ODR | остальное 2006–2020 | 724 | 48 (44–51) |
| ODR | все годы 2006–2025 | 963 | 48 (44–51) |
| RDR | последние 5 лет 2021–2025 | 157 | 40 (33–48) |
| RDR | остальное 2006–2020 | 580 | 42 (38–46) |
| RDR | все годы 2006–2025 | 737 | 41 (38–45) |
| все три | последние 5 лет 2021–2025 | 671 | 48 (44–52) |
| все три | остальное 2006–2020 | 1955 | 47 (45–49) |
| все три | все годы 2006–2025 | 2626 | 47 (45–49) |

[ВРЕМЯ]
| Сессия | Период | B, сломов | медиана, мин | 25–75 % | в первой же свече (5 мин), % от B | осталось до конца сессии после слома, медиана мин (все сломы) |
|---|---|--:|--:|--:|--:|--:|
| ADR | последние 5 лет 2021–2025 | 144 | 25 | 10–65 | 18 | 155 |
| ADR | остальное 2006–2020 | 336 | 20 | 10–50 | 22 | 180 |
| ADR | все годы 2006–2025 | 480 | 25 | 10–55 | 21 | 175 |
| ODR | последние 5 лет 2021–2025 | 114 | 25 | 10–55 | 11 | 90 |
| ODR | остальное 2006–2020 | 344 | 25 | 10–55 | 19 | 90 |
| ODR | все годы 2006–2025 | 458 | 25 | 10–55 | 17 | 90 |
| RDR | последние 5 лет 2021–2025 | 63 | 40 | 15–98 | 17 | 115 |
| RDR | остальное 2006–2020 | 241 | 25 | 10–65 | 21 | 105 |
| RDR | все годы 2006–2025 | 304 | 30 | 10–71 | 20 | 105 |
| все три | последние 5 лет 2021–2025 | 321 | 25 | 10–70 | 16 | 115 |
| все три | остальное 2006–2020 | 921 | 25 | 10–55 | 21 | 120 |
| все три | все годы 2006–2025 | 1242 | 25 | 10–60 | 19 | 120 |

[ОСТАЛОСЬ]
| Осталось после слома | ADR 2021–2025 | ODR 2021–2025 | RDR 2021–2025 | все три 2021–2025 | ADR все годы | ODR все годы | RDR все годы | все три все годы |
|---|--:|--:|--:|--:|--:|--:|--:|--:|
| меньше 30 мин | 28 (36) | 19 (42) | 14 (21) | 21 (99) | 26 (96) | 24 (174) | 16 (122) | 22 (392) |
| 30–59 мин | 57 (37) | 45 (38) | 8 (12) | 45 (87) | 57 (100) | 41 (163) | 26 (103) | 41 (366) |
| 60–119 мин | 43 (53) | 59 (88) | 47 (60) | 51 (201) | 47 (171) | 57 (334) | 49 (220) | 52 (725) |
| 120 мин и больше | 69 (193) | 63 (92) | 61 (84) | 66 (369) | 67 (734) | 67 (401) | 60 (358) | 65 (1493) |

[СТУПЕНИ]
| Ступень STD с противоположной стороны | ADR 2021–2025 | ODR 2021–2025 | RDR 2021–2025 | ADR все годы | ODR все годы | RDR все годы |
|---|--:|--:|--:|--:|--:|--:|
| 0,0 (край IDR) | 100 | 100 | 100 | 100 | 100 | 100 |
| 0,5 | 85 | 84 | 76 | 84 | 83 | 78 |
| 1,0 | 59 | 52 | 47 | 59 | 53 | 46 |
| 1,5 | 36 | 31 | 33 | 40 | 32 | 29 |
| 2,0 | 23 | 19 | 20 | 28 | 20 | 18 |
| 2,5 | 17 | 12 | 13 | 22 | 14 | 12 |
