Строка: путь, область | префикс | статус на t | новый приход (свеча) | допустим | первое событие после прихода | исход | вклад в p_new/p_adm/q/p_seq (1, 0, ? = неизвестно, - = вне знаменателя) | прежний экран | причина

-- путь 1: K → L, DR цел
1    A | на t +0,20, верх до t +0,40, допуск да | before  | новый да  11:10 | допуст. да  | после: L 11:30     | исход success     | new/adm/q/seq 1/1/1/1 | прежний экран да
1    B | на t +0,20, верх до t +0,40, допуск да | before  | новый нет —     | допуст. нет | после: —           | исход —           | new/adm/q/seq 0/0/-/0 | прежний экран нет | прихода не было до конца сессии

-- путь 2: A → B → L до отмены
2    A | на t +0,20, верх до t +0,40, допуск да | before  | новый да  11:10 | допуст. да  | после: L 11:40     | исход success     | new/adm/q/seq 1/1/1/1 | прежний экран да
2    B | на t +0,20, верх до t +0,40, допуск да | before  | новый да  11:20 | допуст. да  | после: L 11:40     | исход success     | new/adm/q/seq 1/1/1/1 | прежний экран да

-- путь 3: K → отмена → L
3    A | на t +0,20, верх до t +0,40, допуск да | before  | новый да  11:10 | допуст. да  | после: отмена 11:20 | исход invalidated | new/adm/q/seq 1/1/0/0 | прежний экран да
3    B | на t +0,20, верх до t +0,40, допуск да | before  | новый да  11:15 | допуст. да  | после: отмена 11:20 | исход invalidated | new/adm/q/seq 1/1/0/0 | прежний экран да

-- путь 3b: (доп.) приход и закрытие за DR в одной свече
3b   A | на t +0,20, верх до t +0,40, допуск да | before  | новый да  11:10 | допуст. да  | после: отмена 11:10 | исход invalidated | new/adm/q/seq 1/1/0/0 | прежний экран да
3b   B | на t +0,20, верх до t +0,40, допуск да | before  | новый да  11:10 | допуст. да  | после: отмена 11:10 | исход invalidated | new/adm/q/seq 1/1/0/0 | прежний экран да

-- путь 4: L после t, но до K
4    A | на t +0,20, верх до t +0,40, допуск да | before  | новый да  11:25 | допуст. нет | после: —           | исход —           | new/adm/q/seq 1/0/-/0 | прежний экран да | L достигнута после t раньше прихода
4    B | на t +0,20, верх до t +0,40, допуск да | before  | новый нет —     | допуст. нет | после: —           | исход —           | new/adm/q/seq 0/0/-/0 | прежний экран нет | прихода не было до конца сессии

-- путь 5: L достигнута до t
5    A | на t +0,20, верх до t +1,10, допуск нет | before  | новый да  11:05 | допуст. —   | после: —           | исход —           | new/adm/q/seq -/-/-/- | прежний экран да | L достигнута до t: сессия вне группы сценария
5    B | на t +0,20, верх до t +1,10, допуск нет | before  | новый нет —     | допуст. —   | после: —           | исход —           | new/adm/q/seq -/-/-/- | прежний экран нет | прихода не было до конца сессии

-- путь 6: K допустим, до H ни L, ни отмены
6    A | на t +0,20, верх до t +0,40, допуск да | before  | новый да  11:10 | допуст. да  | после: —           | исход neither     | new/adm/q/seq 1/1/0/0 | прежний экран да
6    B | на t +0,20, верх до t +0,40, допуск да | before  | новый нет —     | допуст. нет | после: —           | исход —           | new/adm/q/seq 0/0/-/0 | прежний экран нет | прихода не было до конца сессии

-- путь 7: на t уже внутри K
7    A | на t -0,20, верх до t +0,30, допуск да | inside  | новый нет —     | допуст. нет | после: —           | исход —           | new/adm/q/seq 0/0/-/0 | прежний экран да | на t уже внутри
7    B | на t -0,20, верх до t +0,30, допуск да | before  | новый нет —     | допуст. нет | после: —           | исход —           | new/adm/q/seq 0/0/-/0 | прежний экран нет | прихода не было до конца сессии

-- путь 8: на t уже за K
8    A | на t -0,40, верх до t +0,20, допуск да | beyond  | новый нет —     | допуст. нет | после: —           | исход —           | new/adm/q/seq 0/0/-/0 | прежний экран да | на t уже за областью
8    B | на t -0,40, верх до t +0,20, допуск да | before  | новый да  11:05 | допуст. да  | после: L 11:25     | исход success     | new/adm/q/seq 1/1/1/1 | прежний экран да

-- путь 9a: на t ровно на границе K
9a   A | на t -0,10, верх до t +0,20, допуск да | inside  | новый нет —     | допуст. нет | после: —           | исход —           | new/adm/q/seq 0/0/-/0 | прежний экран да | на t уже внутри
9a   B | на t -0,10, верх до t +0,20, допуск да | before  | новый нет —     | допуст. нет | после: —           | исход —           | new/adm/q/seq 0/0/-/0 | прежний экран нет | прихода не было до конца сессии

-- путь 9b: (доп.) после t касание ровно границы K
9b   A | на t +0,20, верх до t +0,40, допуск да | before  | новый да  11:10 | допуст. да  | после: L 11:25     | исход success     | new/adm/q/seq 1/1/1/1 | прежний экран нет
9b   B | на t +0,20, верх до t +0,40, допуск да | before  | новый нет —     | допуст. нет | после: —           | исход —           | new/adm/q/seq 0/0/-/0 | прежний экран нет | прихода не было до конца сессии

-- путь 10a: L и закрытие за DR в одной свече
10a  A | на t +0,20, верх до t +0,40, допуск да | before  | новый да  11:05 | допуст. да  | после: L 11:20     | исход success     | new/adm/q/seq 1/1/1/1 | прежний экран да
10a  B | на t +0,20, верх до t +0,40, допуск да | before  | новый да  11:20 | допуст. ?   | после: —           | исход —           | new/adm/q/seq 1/?/?/? | прежний экран да | K и L в одной свече; порядок не восстановить

-- путь 10b: K и L в одной свече, минуты решают
10b  A | на t +0,20, верх до t +0,40, допуск да | before  | новый да  11:10 | допуст. да  | после: L 11:10     | исход success     | new/adm/q/seq 1/1/1/1 | прежний экран да | K и L в одной свече; по минутам K раньше
10b  B | на t +0,20, верх до t +0,40, допуск да | before  | новый нет —     | допуст. нет | после: —           | исход —           | new/adm/q/seq 0/0/-/0 | прежний экран нет | прихода не было до конца сессии

-- путь 10c: K и L в одной минуте
10c  A | на t +0,20, верх до t +0,40, допуск да | before  | новый да  11:10 | допуст. ?   | после: —           | исход —           | new/adm/q/seq 1/?/?/? | прежний экран да | K и L в одной свече; порядок не восстановить
10c  B | на t +0,20, верх до t +0,40, допуск да | before  | новый нет —     | допуст. нет | после: —           | исход —           | new/adm/q/seq 0/0/-/0 | прежний экран нет | прихода не было до конца сессии

-- путь 11: история оборвана до исхода
11   A | на t +0,20, верх до t +0,40, допуск да | before  | новый да  11:10 | допуст. да  | после: —           | исход ?           | new/adm/q/seq 1/1/?/? | прежний экран да | данные оборвались до исхода
11   B | на t +0,20, верх до t +0,40, допуск да | before  | новый ?   —     | допуст. ?   | после: —           | исход —           | new/adm/q/seq ?/?/?/? | прежний экран нет | прихода нет в данных, но данные неполные

-- путь 12a: K был до t, новый приход после t
12a  A | на t +0,20, верх до t +0,35, допуск да | before  | новый да  11:15 | допуст. да  | после: L 11:30     | исход success     | new/adm/q/seq 1/1/1/1 | прежний экран да
12a  B | на t +0,20, верх до t +0,35, допуск да | before  | новый нет —     | допуст. нет | после: —           | исход —           | new/adm/q/seq 0/0/-/0 | прежний экран нет | прихода не было до конца сессии

-- путь 12b: K был до t, после t прихода нет
12b  A | на t +0,20, верх до t +0,35, допуск да | before  | новый нет —     | допуст. нет | после: —           | исход —           | new/adm/q/seq 0/0/-/0 | прежний экран нет | прихода не было до конца сессии
12b  B | на t +0,20, верх до t +0,35, допуск да | before  | новый нет —     | допуст. нет | после: —           | исход —           | new/adm/q/seq 0/0/-/0 | прежний экран нет | прихода не было до конца сессии

-- путь 13a: тот же префикс, хвост 1
13a  A | на t +0,20, верх до t +0,40, допуск да | before  | новый да  11:10 | допуст. да  | после: L 11:30     | исход success     | new/adm/q/seq 1/1/1/1 | прежний экран да
13a  B | на t +0,20, верх до t +0,40, допуск да | before  | новый нет —     | допуст. нет | после: —           | исход —           | new/adm/q/seq 0/0/-/0 | прежний экран нет | прихода не было до конца сессии

-- путь 13b: тот же префикс, хвост 2
13b  A | на t +0,20, верх до t +0,40, допуск да | before  | новый да  11:10 | допуст. да  | после: отмена 11:20 | исход invalidated | new/adm/q/seq 1/1/0/0 | прежний экран да
13b  B | на t +0,20, верх до t +0,40, допуск да | before  | новый да  11:15 | допуст. да  | после: отмена 11:20 | исход invalidated | new/adm/q/seq 1/1/0/0 | прежний экран да

-- путь 14: (доп.) нет свечи в t
14   A | на t нет, верх до t +0,40, допуск да | unknown | новый ?   —     | допуст. ?   | после: —           | исход —           | new/adm/q/seq ?/?/?/? | прежний экран да | касание после t есть, но свечи в t нет: статус неизвестен
14   B | на t нет, верх до t +0,40, допуск да | unknown | новый нет —     | допуст. нет | после: —           | исход —           | new/adm/q/seq 0/0/-/0 | прежний экран нет | прихода не было до конца сессии

-- путь 15: (доп.) пропуск свечи до прихода
15   A | на t +0,20, верх до t +0,40, допуск да | before  | новый да  11:15 | допуст. ?   | после: —           | исход —           | new/adm/q/seq 1/?/?/? | прежний экран да | пропуск свечи до прихода: порядок с L и отменой неизвестен
15   B | на t +0,20, верх до t +0,40, допуск да | before  | новый ?   —     | допуст. ?   | после: —           | исход —           | new/adm/q/seq ?/?/?/? | прежний экран нет | прихода нет в данных, но данные неполные

Малая синтетическая группа (каждый путь один раз, 13a/13b вместо 1 и 3 не дублируются):
A: N_scenario 18 (из 19 путей; без допуска 1)
   p_new на известных 13/17 = 0.765; границы 13/18 … 14/18; неизвестно 1
   p_adm на известных 10/15 = 0.667; границы 10/18 … 13/18; неизвестно 3
   q     на известных 6/9 = 0.667; границы 6/13 … 10/13; неизвестно 4
   p_seq на известных 6/14 = 0.429; границы 6/18 … 10/18; неизвестно 4
   тождество на полностью известных (14): p_seq 6/14 = p_adm 9/14 × q 6/9: выполняется
B: N_scenario 18 (из 19 путей; без допуска 1)
   p_new на известных 5/16 = 0.312; границы 5/18 … 7/18; неизвестно 2
   p_adm на известных 4/15 = 0.267; границы 4/18 … 7/18; неизвестно 3
   q     на известных 2/4 = 0.500; границы 2/7 … 5/7; неизвестно 3
   p_seq на известных 2/15 = 0.133; границы 2/18 … 5/18; неизвестно 3
   тождество на полностью известных (15): p_seq 2/15 = p_adm 4/15 × q 2/4: выполняется

Проверки:
  [ok] 9a: закрытие на t ровно на ближнем крае — inside, нового прихода нет
  [ok] 9b: касание ровно ближнего края после t — приход (граница принадлежит области)
  [ok] 9b и 8: касание ровно L = +1,00 — успех
  [ok] 3b: приход и закрытие за DR в одной свече — приход допустим, затем отмена
  [ok] 10a: L и закрытие за DR в одной свече — L раньше (касание раньше закрытия)
  [ok] 10a, область B: приход в K и L в одной свече без минут — допустимость неизвестна
  [ok] 10b: K и L в одной свече, минуты — K раньше: допустим, успех в той же свече
  [ok] 10c: K и L в одной минуте — неизвестно, не неудача
  [ok] 11: обрыв данных после допустимого прихода — исход неизвестен, не неудача
  [ok] 11, область B: прихода в данных нет, данные оборваны — приход неизвестен
  [ok] 12a: касание до t не считается; приход — новое касание в 11:15
  [ok] 12b: касание до t не считается; после t прихода нет
  [ok] 4: L после t раньше прихода — приход есть, но недопустим
  [ok] 5: L до t — сессия вне группы сценария
  [ok] 7 и 8: inside / beyond остаются в N_scenario и дают 0 новых приходов
  [ok] 7, 8, 9a: прежний экран засчитал бы приход
  [ok] 14 A: нет свечи в t, касание после t есть — приход неизвестен
  [ok] 14 B: нет свечи в t, касания после t нет — прихода нет при любом статусе (версия 1.1)
  [ok] 15: пропуск свечи до прихода — приход есть, допустимость неизвестна
  [ok] 13: одинаковый префикс — одинаковые статус и допуск на t; исходы разные
  [ok] все пути: статус и допуск, посчитанные только по префиксу, совпадают с посчитанными по всему пути
Итого: 21 из 21 проверок, тождество выполняется
