NQ Friday RDR keys: ours (complete sessions) against the author's published counts
  short 10:30-11:00: 2006-2025 205 (DR true  83.9 %); 2008-2024 171 (DR true  84.8 %); author: 346 in 17 years, DR true 85 % (jPvvCww8aP8)
  long 10:30-11:00: 2006-2025 206 (DR true  80.6 %); 2008-2024 182 (DR true  80.2 %); author: 190 in 18 years, DR true 79 % (J054OlJm8jE)
  long 11:00-11:30: 2006-2025 94 (DR true  91.5 %); 2008-2024 84 (DR true  91.7 %); author: 88, DR true 91 % (l5DwIIH0rJ8)
NQ, Friday, RDR, short, first confirmation close in 10:30-11:00, complete sessions 2006-2025
  2006-2025: sessions 205; DR true  83.9 %
  2008-2024: sessions 171; DR true  84.8 %

-- author's set: DR true only: n = 172
  time of max retracement, 15-min bins: 10:30 7.0 10:45 12.2 11:00 10.5 11:15 8.7 11:30 3.5 11:45 5.8 12:00 2.9 12:15 1.7 12:30 2.9 12:45 2.3 13:00 4.1 13:15 4.1 13:30 2.3 13:45 0.6 14:00 1.2 14:15 0.6 14:30 2.3 14:45 0.6 15:00 4.1 15:15 5.2 15:30 6.4 15:45 11.0
  first mode from the left: 10:45-11:00; median 12:11; 70 % by 14:14
  max retracement: median -0.27; 70 % stay above -0.48
  buckets (share): +0.4..+0.49 1.2; +0.3..+0.39 2.9; +0.2..+0.29 1.7; +0.1..+0.19 6.4; +0.0..+0.09 7.0; -0.01..-0.1 10.5; -0.11..-0.2 12.8; -0.21..-0.3 11.0; -0.31..-0.4 9.9; -0.41..-0.5 5.8; -0.51..-0.6 4.1; -0.61..-0.7 2.3; -0.71..-0.8 2.3; -0.81..-0.9 5.8; -0.91..-1.0 4.1; -1.01..-1.1 4.7; -1.11..-1.2 1.2
  zone +0.09..-0.3:  40.7 %; zone -0.51..-0.7:   6.4 %; -0.31..-0.5:  15.7 %; above +0.09:  14.0 %; deeper than -0.7:  23.3 %
  back into DR  87.8 %; back into IDR  80.8 %
  max extension: median 1.13; 70 % reach 0.73; reached 1.0:  57.6 %; tallest bucket +0.5..+0.59 (8.1 %)
  extension buckets (share): 0.0 0.0; 0.1 0.0; 0.2 2.3; 0.3 3.5; 0.4 5.2; 0.5 8.1; 0.6 6.4; 0.7 7.6; 0.8 4.7; 0.9 4.7; 1.0 6.4; 1.1 4.1; 1.2 4.1; 1.3 1.7; 1.4 3.5; 1.5 2.9; 1.6 2.9; 1.7 2.3; 1.8 1.2; 1.9 4.1; 2.0 4.7; 2.1 2.3; 2.2 2.9; 2.3 0.0; 2.4 1.2; 2.5 0.6
  cross-filter, max retracement in +0.09..-0.3 (n = 70): reached 1.0  60.0 %; 70 % reach 0.84

-- prefix-honest set: all sessions of the key: n = 205
  time of max retracement, 15-min bins: 10:30 5.9 10:45 10.2 11:00 8.8 11:15 7.8 11:30 2.9 11:45 4.9 12:00 2.4 12:15 2.0 12:30 2.4 12:45 2.0 13:00 4.4 13:15 3.9 13:30 2.9 13:45 1.0 14:00 1.0 14:15 1.0 14:30 2.0 14:45 2.0 15:00 3.9 15:15 6.3 15:30 6.3 15:45 16.1
  first mode from the left: 10:45-11:00; median 13:03; 70 % by 15:08
  max retracement: median -0.36; 70 % stay above -0.87
  buckets (share): +0.4..+0.49 1.0; +0.3..+0.39 2.4; +0.2..+0.29 1.5; +0.1..+0.19 5.4; +0.0..+0.09 5.9; -0.01..-0.1 8.8; -0.11..-0.2 10.7; -0.21..-0.3 9.3; -0.31..-0.4 8.3; -0.41..-0.5 4.9; -0.51..-0.6 3.4; -0.61..-0.7 2.0; -0.71..-0.8 2.0; -0.81..-0.9 4.9; -0.91..-1.0 3.4; -1.01..-1.1 3.9; -1.11..-1.2 1.5
  zone +0.09..-0.3:  34.1 %; zone -0.51..-0.7:   5.4 %; -0.31..-0.5:  13.2 %; above +0.09:  11.7 %; deeper than -0.7:  35.6 %
  back into DR  89.8 %; back into IDR  83.9 %
  max extension: median 1.02; 70 % reach 0.70; reached 1.0:  52.7 %; tallest bucket +0.5..+0.59 (7.8 %)
  extension buckets (share): 0.0 0.5; 0.1 1.0; 0.2 2.4; 0.3 6.3; 0.4 4.9; 0.5 7.8; 0.6 6.8; 0.7 7.8; 0.8 3.9; 0.9 5.9; 1.0 6.3; 1.1 3.9; 1.2 3.9; 1.3 1.5; 1.4 3.9; 1.5 2.9; 1.6 2.9; 1.7 2.0; 1.8 1.0; 1.9 3.4; 2.0 3.9; 2.1 2.0; 2.2 2.4; 2.3 0.0; 2.4 1.0; 2.5 0.5
  cross-filter, max retracement in +0.09..-0.3 (n = 70): reached 1.0  60.0 %; 70 % reach 0.84

-- author's set with the time filter: max retracement in 10:45-12:00: n = 70
  time of max retracement, 15-min bins: 10:30 0.0 10:45 30.0 11:00 25.7 11:15 21.4 11:30 8.6 11:45 14.3 12:00 0.0 12:15 0.0 12:30 0.0 12:45 0.0 13:00 0.0 13:15 0.0 13:30 0.0 13:45 0.0 14:00 0.0 14:15 0.0 14:30 0.0 14:45 0.0 15:00 0.0 15:15 0.0 15:30 0.0 15:45 0.0
  first mode from the left: 10:45-11:00; median 11:11; 70 % by 11:20
  max retracement: median -0.15; 70 % stay above -0.28
  buckets (share): +0.4..+0.49 0.0; +0.3..+0.39 4.3; +0.2..+0.29 0.0; +0.1..+0.19 8.6; +0.0..+0.09 11.4; -0.01..-0.1 15.7; -0.11..-0.2 12.9; -0.21..-0.3 18.6; -0.31..-0.4 7.1; -0.41..-0.5 2.9; -0.51..-0.6 5.7; -0.61..-0.7 4.3; -0.71..-0.8 1.4; -0.81..-0.9 1.4; -0.91..-1.0 1.4; -1.01..-1.1 1.4; -1.11..-1.2 0.0
  zone +0.09..-0.3:  57.1 %; zone -0.51..-0.7:  10.0 %; -0.31..-0.5:  10.0 %; above +0.09:  15.7 %; deeper than -0.7:   7.1 %
  back into DR  82.9 %; back into IDR  75.7 %
  max extension: median 1.32; 70 % reach 0.75; reached 1.0:  62.9 %; tallest bucket +0.7..+0.79 (10.0 %)
  extension buckets (share): 0.0 0.0; 0.1 0.0; 0.2 2.9; 0.3 1.4; 0.4 2.9; 0.5 7.1; 0.6 7.1; 0.7 10.0; 0.8 0.0; 0.9 5.7; 1.0 7.1; 1.1 2.9; 1.2 2.9; 1.3 2.9; 1.4 0.0; 1.5 2.9; 1.6 2.9; 1.7 0.0; 1.8 1.4; 1.9 4.3; 2.0 10.0; 2.1 2.9; 2.2 4.3; 2.3 0.0; 2.4 1.4; 2.5 1.4
  cross-filter, max retracement in +0.09..-0.3 (n = 40): reached 1.0  60.0 %; 70 % reach 0.75

-- one session of the key (date withheld)
  confirmation close 10:35; DR true; max retracement -0.51 -> bucket -0.51..-0.6; its time 12:10 -> time bin 12:00-12:15, 50th percentile of the key's times; inside the 10:45-12:00 window: False
  max extension 0.83 -> bucket +0.8..+0.89; into DR True, into IDR True
  second session: confirmation close 10:50; DR true; max retracement -0.54 -> bucket -0.51..-0.6; its time 11:57 -> time bin 11:45-12:00, 47th percentile of the key's times; inside the window: True; max extension 0.64 -> bucket +0.6..+0.69
  second-zone sessions of the key: DR true 11, of them inside the 10:45-12:00 window 7
