NQ RDR 95507 29s
NQ ODR 106121 64s
ES RDR 109521 106s
ES ODR 106103 151s
YM RDR 99758 188s
YM ODR 103269 234s
NQ-RDR  activations x places   78462 | BSS state  19.8% [18.7; 21.0]  event  18.3% [17.3; 19.5]  event+band  18.7% [17.6; 19.9]
          Brier event minus state +3.5e-3 [+2.4; +4.5], event+band minus state +2.6e-3 [+1.6; +3.6] | similar sessions: state median 111, event 76; shared sessions (Jaccard) median 0.40; activations with < 20 event analogs 6%
NQ-ODR  activations x places   88576 | BSS state  19.7% [18.6; 20.6]  event  19.1% [18.2; 20.0]  event+band  19.6% [18.6; 20.5]
          Brier event minus state +1.4e-3 [+0.4; +2.2], event+band minus state +0.3e-3 [-0.6; +1.0] | similar sessions: state median 95, event 89; shared sessions (Jaccard) median 0.38; activations with < 20 event analogs 3%
ES-RDR  activations x places   89906 | BSS state  20.3% [19.3; 21.3]  event  18.8% [17.8; 19.9]  event+band  19.2% [18.2; 20.3]
          Brier event minus state +3.6e-3 [+2.6; +4.6], event+band minus state +2.7e-3 [+1.7; +3.6] | similar sessions: state median 102, event 78; shared sessions (Jaccard) median 0.40; activations with < 20 event analogs 5%
ES-ODR  activations x places   90346 | BSS state  19.5% [18.6; 20.4]  event  18.6% [17.6; 19.5]  event+band  19.1% [18.1; 20.0]
          Brier event minus state +2.3e-3 [+1.5; +3.3], event+band minus state +1.0e-3 [+0.2; +1.9] | similar sessions: state median 95, event 87; shared sessions (Jaccard) median 0.39; activations with < 20 event analogs 3%
YM-RDR  activations x places   80076 | BSS state  18.3% [17.2; 19.4]  event  16.8% [15.7; 17.8]  event+band  17.1% [16.1; 18.2]
          Brier event minus state +3.7e-3 [+2.7; +4.9], event+band minus state +2.8e-3 [+1.9; +3.9] | similar sessions: state median 99, event 73; shared sessions (Jaccard) median 0.40; activations with < 20 event analogs 6%
YM-ODR  activations x places   86843 | BSS state  19.5% [18.6; 20.4]  event  19.2% [18.3; 20.2]  event+band  19.6% [18.7; 20.6]
          Brier event minus state +0.6e-3 [-0.4; +1.5], event+band minus state -0.4e-3 [-1.3; +0.5] | similar sessions: state median 92, event 86; shared sessions (Jaccard) median 0.39; activations with < 20 event analogs 3%
ALL     activations x places  514209 | BSS state  19.8% [19.4; 20.2]  event  18.7% [18.4; 19.2]  event+band  19.2% [18.8; 19.6]
          Brier event minus state +2.5e-3 [+2.1; +2.9], event+band minus state +1.5e-3 [+1.1; +1.9] | similar sessions: state median 98, event 82; shared sessions (Jaccard) median 0.39; activations with < 20 event analogs 4%
          reliability state: 0-20%:10->12 20-40%:30->32 40-60%:49->52 60-80%:69->70 80-100%:85->86
          reliability event: 0-20%:11->11 20-40%:31->30 40-60%:50->48 60-80%:69->66 80-100%:88->81
          reliability eventb: 0-20%:10->11 20-40%:31->30 40-60%:50->48 60-80%:69->66 80-100%:87->82
